#
# There is insufficient memory for the Java Runtime Environment to continue.
# Native memory allocation (malloc) failed to allocate 1048576 bytes. Error detail: AllocateHeap
# Possible reasons:
#   The system is out of physical RAM or swap space
#   This process is running with CompressedOops enabled, and the Java Heap may be blocking the growth of the native heap
# Possible solutions:
#   Reduce memory load on the system
#   Increase physical memory or swap space
#   Check if swap backing store is full
#   Decrease Java heap size (-Xmx/-Xms)
#   Decrease number of Java threads
#   Decrease Java thread stack sizes (-Xss)
#   Set larger code cache with -XX:ReservedCodeCacheSize=
#   JVM is running with Unscaled Compressed Oops mode in which the Java heap is
#     placed in the first 4GB address space. The Java Heap base address is the
#     maximum limit for the native heap growth. Please use -XX:HeapBaseMinAddress
#     to set the Java Heap base and to place the Java Heap above 4GB virtual address.
# This output file may be truncated or incomplete.
#
#  Out of Memory Error (allocation.cpp:44), pid=7400, tid=2492
#
# JRE version: OpenJDK Runtime Environment Temurin-21.0.10+7 (21.0.10+7) (build 21.0.10+7-LTS)
# Java VM: OpenJDK 64-Bit Server VM Temurin-21.0.10+7 (21.0.10+7-LTS, mixed mode, sharing, tiered, compressed oops, compressed class ptrs, parallel gc, windows-amd64)
# No core dump will be written. Minidumps are not enabled by default on client versions of Windows
#

---------------  S U M M A R Y ------------

Command Line: --add-modules=ALL-SYSTEM --add-opens=java.base/java.util=ALL-UNNAMED --add-opens=java.base/java.lang=ALL-UNNAMED --add-opens=java.base/sun.nio.fs=ALL-UNNAMED -Declipse.application=org.eclipse.jdt.ls.core.id1 -Dosgi.bundles.defaultStartLevel=4 -Declipse.product=org.eclipse.jdt.ls.core.product -Djava.import.generatesMetadataFilesAtProjectRoot=false -DDetectVMInstallationsJob.disabled=true -Dfile.encoding=utf8 -XX:+UseParallelGC -XX:GCTimeRatio=4 -XX:AdaptiveSizePolicyWeight=90 -Dsun.zip.disableMemoryMapping=true -Xmx2G -Xms100m -Xlog:disable -javaagent:c:\Users\Josinwua\.vscode\extensions\redhat.java-1.53.0-win32-x64\lombok\lombok-1.18.39-4050.jar -XX:+HeapDumpOnOutOfMemoryError -XX:HeapDumpPath=c:\Users\Josinwua\AppData\Roaming\Code\User\workspaceStorage\849b789db0276f13d7a10f8a4d0e7d09\redhat.java -Daether.dependencyCollector.impl=bf c:\Users\Josinwua\.vscode\extensions\redhat.java-1.53.0-win32-x64\server\plugins\org.eclipse.equinox.launcher_1.7.100.v20251111-0406.jar -configuration c:\Users\Josinwua\AppData\Roaming\Code\User\globalStorage\redhat.java\1.53.0\config_win -data c:\Users\Josinwua\AppData\Roaming\Code\User\workspaceStorage\849b789db0276f13d7a10f8a4d0e7d09\redhat.java\jdt_ws --pipe=\\.\pipe\lsp-5d3d144c9494fc19e451a1c166d156e0-sock

Host: AMD Ryzen 5 5600H with Radeon Graphics         , 12 cores, 13G,  Windows 11 , 64 bit Build 26100 (10.0.26100.7920)
Time: Wed Mar 11 22:51:01 2026 SA Pacific Standard Time elapsed time: 52.737801 seconds (0d 0h 0m 52s)

---------------  T H R E A D  ---------------

Current thread (0x000001f5d9b69680):  JavaThread "Attach Listener" daemon [_thread_in_vm, id=2492, stack(0x0000000ecd400000,0x0000000ecd500000) (1024K)]

Stack: [0x0000000ecd400000,0x0000000ecd500000]
Native frames: (J=compiled Java code, j=interpreted, Vv=VM code, C=native code)
V  [jvm.dll+0x6d7a39]
V  [jvm.dll+0x8b4b26]
V  [jvm.dll+0x8b70de]
V  [jvm.dll+0x8b77c3]
V  [jvm.dll+0x284346]
V  [jvm.dll+0xc1277]
V  [jvm.dll+0x6d82e9]
V  [jvm.dll+0x1334a6]
V  [jvm.dll+0x3f857e]
V  [jvm.dll+0x85f59d]
V  [jvm.dll+0x6d626d]
C  [ucrtbase.dll+0x37b0]
C  [KERNEL32.DLL+0x2e8d7]
C  [ntdll.dll+0x8c48c]


---------------  P R O C E S S  ---------------

Threads class SMR info:
_java_thread_list=0x000001f5f90980e0, length=51, elements={
0x000001f5d9abd430, 0x000001f5d9b633e0, 0x000001f5d9a6e960, 0x000001f5d9b68c20,
0x000001f5d9b69680, 0x000001f5d9b70fc0, 0x000001f5d9b77660, 0x000001f5d9b7b7c0,
0x000001f5d9b7e7d0, 0x000001f5f19feaf0, 0x000001f5f1a24410, 0x000001f5f2ce98a0,
0x000001f5f7165cd0, 0x000001f5f71b2740, 0x000001f5f71b3180, 0x000001f5f75e0010,
0x000001f5f7632130, 0x000001f5f77571e0, 0x000001f5f7754a80, 0x000001f5f7757f00,
0x000001f5f77557a0, 0x000001f5f7755e30, 0x000001f5f77564c0, 0x000001f5f9c31d60,
0x000001f5f9c31040, 0x000001f5f9c30320, 0x000001f5f9c309b0, 0x000001f5f9c316d0,
0x000001f5f9c323f0, 0x000001f5f9c32a80, 0x000001f5f9c33110, 0x000001f5f9c2fc90,
0x000001f5f960ff80, 0x000001f5f9610610, 0x000001f5f960d190, 0x000001f5f960d820,
0x000001f5f9611330, 0x000001f5f960deb0, 0x000001f5f960e540, 0x000001f5f9612050,
0x000001f5f960f260, 0x000001f5f9610ca0, 0x000001f5f960f8f0, 0x000001f5f960ebd0,
0x000001f5f96126e0, 0x000001f5f96119c0, 0x000001f5f9613400, 0x000001f5f96147b0,
0x000001f5f9612d70, 0x000001f5f9613a90, 0x000001f5f9614120
}

Java Threads: ( => current thread )
  0x000001f5d9abd430 JavaThread "main"                              [_thread_blocked, id=12824, stack(0x0000000eccd00000,0x0000000ecce00000) (1024K)]
  0x000001f5d9b633e0 JavaThread "Reference Handler"          daemon [_thread_blocked, id=12948, stack(0x0000000ecd100000,0x0000000ecd200000) (1024K)]
  0x000001f5d9a6e960 JavaThread "Finalizer"                  daemon [_thread_blocked, id=5504, stack(0x0000000ecd200000,0x0000000ecd300000) (1024K)]
  0x000001f5d9b68c20 JavaThread "Signal Dispatcher"          daemon [_thread_blocked, id=19696, stack(0x0000000ecd300000,0x0000000ecd400000) (1024K)]
=>0x000001f5d9b69680 JavaThread "Attach Listener"            daemon [_thread_in_vm, id=2492, stack(0x0000000ecd400000,0x0000000ecd500000) (1024K)]
  0x000001f5d9b70fc0 JavaThread "Service Thread"             daemon [_thread_blocked, id=9608, stack(0x0000000ecd500000,0x0000000ecd600000) (1024K)]
  0x000001f5d9b77660 JavaThread "Monitor Deflation Thread"   daemon [_thread_blocked, id=16908, stack(0x0000000ecd600000,0x0000000ecd700000) (1024K)]
  0x000001f5d9b7b7c0 JavaThread "C2 CompilerThread0"         daemon [_thread_blocked, id=20144, stack(0x0000000ecd700000,0x0000000ecd800000) (1024K)]
  0x000001f5d9b7e7d0 JavaThread "C1 CompilerThread0"         daemon [_thread_blocked, id=20892, stack(0x0000000ecd800000,0x0000000ecd900000) (1024K)]
  0x000001f5f19feaf0 JavaThread "Common-Cleaner"             daemon [_thread_blocked, id=22392, stack(0x0000000ecd900000,0x0000000ecda00000) (1024K)]
  0x000001f5f1a24410 JavaThread "Notification Thread"        daemon [_thread_blocked, id=20184, stack(0x0000000ecdb00000,0x0000000ecdc00000) (1024K)]
  0x000001f5f2ce98a0 JavaThread "Active Thread: Equinox Container: a06752d9-802d-4879-b7a6-5f28ecfe892b"        [_thread_blocked, id=22604, stack(0x0000000ece300000,0x0000000ece400000) (1024K)]
  0x000001f5f7165cd0 JavaThread "Refresh Thread: Equinox Container: a06752d9-802d-4879-b7a6-5f28ecfe892b" daemon [_thread_blocked, id=1940, stack(0x0000000ece500000,0x0000000ece600000) (1024K)]
  0x000001f5f71b2740 JavaThread "Framework Event Dispatcher: Equinox Container: a06752d9-802d-4879-b7a6-5f28ecfe892b" daemon [_thread_blocked, id=23208, stack(0x0000000ece600000,0x0000000ece700000) (1024K)]
  0x000001f5f71b3180 JavaThread "Start Level: Equinox Container: a06752d9-802d-4879-b7a6-5f28ecfe892b" daemon [_thread_blocked, id=6604, stack(0x0000000ece700000,0x0000000ece800000) (1024K)]
  0x000001f5f75e0010 JavaThread "Bundle File Closer"         daemon [_thread_blocked, id=9464, stack(0x0000000ecea00000,0x0000000eceb00000) (1024K)]
  0x000001f5f7632130 JavaThread "SCR Component Actor"        daemon [_thread_blocked, id=14616, stack(0x0000000eceb00000,0x0000000ecec00000) (1024K)]
  0x000001f5f77571e0 JavaThread "Worker-JM"                         [_thread_blocked, id=12064, stack(0x0000000ecec00000,0x0000000eced00000) (1024K)]
  0x000001f5f7754a80 JavaThread "JNA Cleaner"                daemon [_thread_blocked, id=19900, stack(0x0000000eced00000,0x0000000ecee00000) (1024K)]
  0x000001f5f7757f00 JavaThread "Worker-0"                          [_thread_blocked, id=13400, stack(0x0000000ecee00000,0x0000000ecef00000) (1024K)]
  0x000001f5f77557a0 JavaThread "Worker-1"                          [_thread_blocked, id=13720, stack(0x0000000ecef00000,0x0000000ecf000000) (1024K)]
  0x000001f5f7755e30 JavaThread "Java indexing"              daemon [_thread_blocked, id=9204, stack(0x0000000ecf000000,0x0000000ecf100000) (1024K)]
  0x000001f5f77564c0 JavaThread "Worker-2"                          [_thread_blocked, id=11924, stack(0x0000000ecf300000,0x0000000ecf400000) (1024K)]
  0x000001f5f9c31d60 JavaThread "Worker-3"                          [_thread_blocked, id=24276, stack(0x0000000ecf400000,0x0000000ecf500000) (1024K)]
  0x000001f5f9c31040 JavaThread "Thread-1"                   daemon [_thread_in_native, id=10728, stack(0x0000000ecf500000,0x0000000ecf600000) (1024K)]
  0x000001f5f9c30320 JavaThread "Thread-2"                   daemon [_thread_in_native, id=15716, stack(0x0000000ecf600000,0x0000000ecf700000) (1024K)]
  0x000001f5f9c309b0 JavaThread "Thread-3"                   daemon [_thread_in_native, id=19668, stack(0x0000000ecf700000,0x0000000ecf800000) (1024K)]
  0x000001f5f9c316d0 JavaThread "Thread-4"                   daemon [_thread_in_native, id=12896, stack(0x0000000ecf800000,0x0000000ecf900000) (1024K)]
  0x000001f5f9c323f0 JavaThread "Thread-5"                   daemon [_thread_in_native, id=4028, stack(0x0000000ecf900000,0x0000000ecfa00000) (1024K)]
  0x000001f5f9c32a80 JavaThread "Thread-6"                   daemon [_thread_in_native, id=12412, stack(0x0000000ecfa00000,0x0000000ecfb00000) (1024K)]
  0x000001f5f9c33110 JavaThread "Thread-7"                   daemon [_thread_in_native, id=22116, stack(0x0000000ecfb00000,0x0000000ecfc00000) (1024K)]
  0x000001f5f9c2fc90 JavaThread "Thread-8"                   daemon [_thread_in_native, id=2060, stack(0x0000000ecfc00000,0x0000000ecfd00000) (1024K)]
  0x000001f5f960ff80 JavaThread "Thread-9"                   daemon [_thread_in_native, id=13216, stack(0x0000000ecfd00000,0x0000000ecfe00000) (1024K)]
  0x000001f5f9610610 JavaThread "Thread-10"                  daemon [_thread_in_native, id=20860, stack(0x0000000ecfe00000,0x0000000ecff00000) (1024K)]
  0x000001f5f960d190 JavaThread "Thread-11"                  daemon [_thread_in_native, id=15068, stack(0x0000000ecff00000,0x0000000ed0000000) (1024K)]
  0x000001f5f960d820 JavaThread "Thread-12"                  daemon [_thread_in_native, id=15460, stack(0x0000000ed0000000,0x0000000ed0100000) (1024K)]
  0x000001f5f9611330 JavaThread "Thread-13"                  daemon [_thread_in_native, id=7764, stack(0x0000000ed0100000,0x0000000ed0200000) (1024K)]
  0x000001f5f960deb0 JavaThread "pool-2-thread-1"                   [_thread_blocked, id=5464, stack(0x0000000ed0200000,0x0000000ed0300000) (1024K)]
  0x000001f5f960e540 JavaThread "WorkspaceEventsHandler"            [_thread_blocked, id=4572, stack(0x0000000ed0300000,0x0000000ed0400000) (1024K)]
  0x000001f5f9612050 JavaThread "pool-1-thread-1"                   [_thread_blocked, id=11884, stack(0x0000000ed0400000,0x0000000ed0500000) (1024K)]
  0x000001f5f960f260 JavaThread "ForkJoinPool.commonPool-worker-1" daemon [_thread_blocked, id=20148, stack(0x0000000ed0500000,0x0000000ed0600000) (1024K)]
  0x000001f5f9610ca0 JavaThread "ForkJoinPool.commonPool-worker-2" daemon [_thread_blocked, id=7032, stack(0x0000000ed0600000,0x0000000ed0700000) (1024K)]
  0x000001f5f960f8f0 JavaThread "ForkJoinPool.commonPool-worker-3" daemon [_thread_blocked, id=23852, stack(0x0000000ed0700000,0x0000000ed0800000) (1024K)]
  0x000001f5f960ebd0 JavaThread "ForkJoinPool.commonPool-worker-4" daemon [_thread_blocked, id=18452, stack(0x0000000ed0800000,0x0000000ed0900000) (1024K)]
  0x000001f5f96126e0 JavaThread "ForkJoinPool.commonPool-worker-5" daemon [_thread_blocked, id=5080, stack(0x0000000ed0900000,0x0000000ed0a00000) (1024K)]
  0x000001f5f96119c0 JavaThread "ForkJoinPool.commonPool-worker-6" daemon [_thread_blocked, id=23584, stack(0x0000000ed0a00000,0x0000000ed0b00000) (1024K)]
  0x000001f5f9613400 JavaThread "ForkJoinPool.commonPool-worker-7" daemon [_thread_blocked, id=15100, stack(0x0000000ed0b00000,0x0000000ed0c00000) (1024K)]
  0x000001f5f96147b0 JavaThread "ForkJoinPool.commonPool-worker-8" daemon [_thread_blocked, id=21268, stack(0x0000000ed0c00000,0x0000000ed0d00000) (1024K)]
  0x000001f5f9612d70 JavaThread "ForkJoinPool.commonPool-worker-9" daemon [_thread_blocked, id=20924, stack(0x0000000ed0d00000,0x0000000ed0e00000) (1024K)]
  0x000001f5f9613a90 JavaThread "ForkJoinPool.commonPool-worker-10" daemon [_thread_blocked, id=23152, stack(0x0000000ed0e00000,0x0000000ed0f00000) (1024K)]
  0x000001f5f9614120 JavaThread "ForkJoinPool.commonPool-worker-11" daemon [_thread_blocked, id=15940, stack(0x0000000ed0f00000,0x0000000ed1000000) (1024K)]
Total: 51

Other Threads:
  0x000001f5d9a54150 VMThread "VM Thread"                           [id=24224, stack(0x0000000ecd000000,0x0000000ecd100000) (1024K)]
  0x000001f5d994ca00 WatcherThread "VM Periodic Task Thread"        [id=23684, stack(0x0000000eccf00000,0x0000000ecd000000) (1024K)]
  0x000001f5d9adb750 WorkerThread "GC Thread#0"                     [id=9396, stack(0x0000000ecce00000,0x0000000eccf00000) (1024K)]
  0x000001f5f2aff350 WorkerThread "GC Thread#1"                     [id=4428, stack(0x0000000ecdd00000,0x0000000ecde00000) (1024K)]
  0x000001f5f7062bc0 WorkerThread "GC Thread#2"                     [id=16160, stack(0x0000000ecde00000,0x0000000ecdf00000) (1024K)]
  0x000001f5f706da40 WorkerThread "GC Thread#3"                     [id=17124, stack(0x0000000ecdf00000,0x0000000ece000000) (1024K)]
  0x000001f5f706ddf0 WorkerThread "GC Thread#4"                     [id=3620, stack(0x0000000ece000000,0x0000000ece100000) (1024K)]
  0x000001f5f706e1a0 WorkerThread "GC Thread#5"                     [id=23664, stack(0x0000000ece100000,0x0000000ece200000) (1024K)]
  0x000001f5f2b3d7a0 WorkerThread "GC Thread#6"                     [id=15640, stack(0x0000000ece200000,0x0000000ece300000) (1024K)]
  0x000001f5f7179a50 WorkerThread "GC Thread#7"                     [id=396, stack(0x0000000ece400000,0x0000000ece500000) (1024K)]
  0x000001f5f7315cd0 WorkerThread "GC Thread#8"                     [id=22212, stack(0x0000000ece800000,0x0000000ece900000) (1024K)]
  0x000001f5f7503f80 WorkerThread "GC Thread#9"                     [id=11172, stack(0x0000000ece900000,0x0000000ecea00000) (1024K)]
Total: 12

Threads with active compile tasks:
Total: 0

VM state: not at safepoint (normal execution)

VM Mutex/Monitor currently owned by a thread: None

Heap address: 0x0000000080000000, size: 2048 MB, Compressed Oops mode: 32-bit

CDS archive(s) mapped at: [0x000001f580000000-0x000001f580ba0000-0x000001f580ba0000), size 12189696, SharedBaseAddress: 0x000001f580000000, ArchiveRelocationMode: 1.
Compressed class space mapped at: 0x000001f581000000-0x000001f5c1000000, reserved size: 1073741824
Narrow klass base: 0x000001f580000000, Narrow klass shift: 0, Narrow klass range: 0x100000000

GC Precious Log:
 CardTable entry size: 512
 CPUs: 12 total, 12 available
 Memory: 14188M
 Large Page Support: Disabled
 NUMA Support: Disabled
 Compressed Oops: Enabled (32-bit)
 Alignments: Space 512K, Generation 512K, Heap 2M
 Heap Min Capacity: 100M
 Heap Initial Capacity: 100M
 Heap Max Capacity: 2G
 Pre-touch: Disabled
 Parallel Workers: 10

Heap:
 PSYoungGen      total 5632K, used 1092K [0x00000000d5580000, 0x00000000d5c00000, 0x0000000100000000)
  eden space 5120K, 12% used [0x00000000d5580000,0x00000000d561d028,0x00000000d5a80000)
  from space 512K, 90% used [0x00000000d5b80000,0x00000000d5bf4010,0x00000000d5c00000)
  to   space 512K, 0% used [0x00000000d5b00000,0x00000000d5b00000,0x00000000d5b80000)
 ParOldGen       total 109056K, used 84719K [0x0000000080000000, 0x0000000086a80000, 0x00000000d5580000)
  object space 109056K, 77% used [0x0000000080000000,0x00000000852bbfa8,0x0000000086a80000)
 Metaspace       used 61815K, committed 63232K, reserved 1114112K
  class space    used 6573K, committed 7232K, reserved 1048576K

Card table byte_map: [0x000001f5d9460000,0x000001f5d9870000] _byte_map_base: 0x000001f5d9060000

Marking Bits: (ParMarkBitMap*) 0x00007ffc7e363450
 Begin Bits: [0x000001f5ebf70000, 0x000001f5edf70000)
 End Bits:   [0x000001f5edf70000, 0x000001f5eff70000)

Polling page: 0x000001f5d7880000

Metaspace:

Usage:
  Non-class:     53.95 MB used.
      Class:      6.42 MB used.
       Both:     60.37 MB used.

Virtual space:
  Non-class space:       64.00 MB reserved,      54.69 MB ( 85%) committed,  1 nodes.
      Class space:        1.00 GB reserved,       7.06 MB ( <1%) committed,  1 nodes.
             Both:        1.06 GB reserved,      61.75 MB (  6%) committed. 

Chunk freelists:
   Non-Class:  8.88 MB
       Class:  8.83 MB
        Both:  17.71 MB

MaxMetaspaceSize: unlimited
CompressedClassSpaceSize: 1.00 GB
Initial GC threshold: 21.00 MB
Current GC threshold: 97.31 MB
CDS: on
 - commit_granule_bytes: 65536.
 - commit_granule_words: 8192.
 - virtual_space_node_default_size: 8388608.
 - enlarge_chunks_in_place: 1.
 - use_allocation_guard: 0.


Internal statistics:

num_allocs_failed_limit: 9.
num_arena_births: 1180.
num_arena_deaths: 22.
num_vsnodes_births: 2.
num_vsnodes_deaths: 0.
num_space_committed: 988.
num_space_uncommitted: 0.
num_chunks_returned_to_freelist: 35.
num_chunks_taken_from_freelist: 3986.
num_chunk_merges: 20.
num_chunk_splits: 2517.
num_chunks_enlarged: 1483.
num_inconsistent_stats: 0.

CodeHeap 'non-profiled nmethods': size=120000Kb used=7060Kb max_used=7060Kb free=112940Kb
 bounds [0x000001f5e4790000, 0x000001f5e4e80000, 0x000001f5ebcc0000]
CodeHeap 'profiled nmethods': size=120000Kb used=22139Kb max_used=22139Kb free=97860Kb
 bounds [0x000001f5dccc0000, 0x000001f5de260000, 0x000001f5e41f0000]
CodeHeap 'non-nmethods': size=5760Kb used=1413Kb max_used=1482Kb free=4346Kb
 bounds [0x000001f5e41f0000, 0x000001f5e4460000, 0x000001f5e4790000]
CodeCache: size=245760Kb, used=30612Kb, max_used=30681Kb, free=215146Kb
 total_blobs=10966, nmethods=10243, adapters=629, full_count=0
Compilation: enabled, stopped_count=0, restarted_count=0

Compilation events (20 events):
Event: 31.097 Thread 0x000001f5fa177cb0 11026       4       org.eclipse.osgi.container.ModuleDatabase$Persistence::addToWriteTable (77 bytes)
Event: 31.102 Thread 0x000001f5d9b7e7d0 11038       3       java.util.regex.Pattern::split (325 bytes)
Event: 31.105 Thread 0x000001f5d9b7e7d0 nmethod 11038 0x000001f5de257d10 code [0x000001f5de258320, 0x000001f5de25c110]
Event: 31.111 Thread 0x000001f5d9b7e7d0 11040       3       java.util.Locale::equals (75 bytes)
Event: 31.112 Thread 0x000001f5d9b7e7d0 nmethod 11040 0x000001f5de25d590 code [0x000001f5de25d7a0, 0x000001f5de25dee0]
Event: 31.114 Thread 0x000001f5fa177cb0 nmethod 11026 0x000001f5e4e69310 code [0x000001f5e4e69560, 0x000001f5e4e6a030]
Event: 31.114 Thread 0x000001f5fa177cb0 11036       4       java.util.regex.Pattern$BmpCharPropertyGreedy::match (89 bytes)
Event: 31.115 Thread 0x000001f5d9b7e7d0 11041       3       java.util.Locale::hashCode (41 bytes)
Event: 31.116 Thread 0x000001f5d9b7e7d0 nmethod 11041 0x000001f5de25e090 code [0x000001f5de25e260, 0x000001f5de25e460]
Event: 31.122 Thread 0x000001f5fa177cb0 nmethod 11036 0x000001f5e4e6a910 code [0x000001f5e4e6aae0, 0x000001f5e4e6b090]
Event: 31.122 Thread 0x000001f5fa177cb0 11037       4       java.util.regex.Pattern$LastNode::match (45 bytes)
Event: 31.123 Thread 0x000001f5fa177cb0 nmethod 11037 0x000001f5e4e6b490 code [0x000001f5e4e6b620, 0x000001f5e4e6b720]
Event: 31.123 Thread 0x000001f5fa177cb0 11028       4       java.util.Collections$UnmodifiableMap::hashCode (10 bytes)
Event: 31.125 Thread 0x000001f5d9b7e7d0 11042   !   3       java.io.RandomAccessFile::close (69 bytes)
Event: 31.125 Thread 0x000001f5d9b7e7d0 nmethod 11042 0x000001f5de25e590 code [0x000001f5de25e780, 0x000001f5de25ec78]
Event: 31.132 Thread 0x000001f5fa17ac60 nmethod 11011 0x000001f5e4e6b810 code [0x000001f5e4e6bbe0, 0x000001f5e4e6d468]
Event: 31.133 Thread 0x000001f5fa17ac60 11039       4       java.util.regex.Matcher::find (69 bytes)
Event: 31.137 Thread 0x000001f5fa17ac60 nmethod 11039 0x000001f5e4e6eb90 code [0x000001f5e4e6ed40, 0x000001f5e4e6f008]
Event: 31.138 Thread 0x000001f5fa177cb0 nmethod 11028 0x000001f5e4e6f210 code [0x000001f5e4e6f3e0, 0x000001f5e4e6fa50]
Event: 31.196 Thread 0x000001f5d9b7b7c0 nmethod 10982 0x000001f5e4e6ff90 code [0x000001f5e4e70520, 0x000001f5e4e73058]

GC Heap History (20 events):
Event: 8.232 GC heap before
{Heap before GC invocations=144 (full 2):
 PSYoungGen      total 6144K, used 3579K [0x00000000d5580000, 0x00000000d5d80000, 0x0000000100000000)
  eden space 5120K, 50% used [0x00000000d5580000,0x00000000d58036c8,0x00000000d5a80000)
  from space 1024K, 98% used [0x00000000d5b80000,0x00000000d5c7b5a8,0x00000000d5c80000)
  to   space 1024K, 0% used [0x00000000d5c80000,0x00000000d5c80000,0x00000000d5d80000)
 ParOldGen       total 109056K, used 108743K [0x0000000080000000, 0x0000000086a80000, 0x00000000d5580000)
  object space 109056K, 99% used [0x0000000080000000,0x0000000086a31d68,0x0000000086a80000)
 Metaspace       used 58396K, committed 59776K, reserved 1114112K
  class space    used 6262K, committed 6848K, reserved 1048576K
}
Event: 8.233 GC heap after
{Heap after GC invocations=144 (full 2):
 PSYoungGen      total 5632K, used 320K [0x00000000d5580000, 0x00000000d5d00000, 0x0000000100000000)
  eden space 5120K, 0% used [0x00000000d5580000,0x00000000d5580000,0x00000000d5a80000)
  from space 512K, 62% used [0x00000000d5c80000,0x00000000d5cd0000,0x00000000d5d00000)
  to   space 1024K, 0% used [0x00000000d5b00000,0x00000000d5b00000,0x00000000d5c00000)
 ParOldGen       total 109056K, used 108791K [0x0000000080000000, 0x0000000086a80000, 0x00000000d5580000)
  object space 109056K, 99% used [0x0000000080000000,0x0000000086a3dd68,0x0000000086a80000)
 Metaspace       used 58396K, committed 59776K, reserved 1114112K
  class space    used 6262K, committed 6848K, reserved 1048576K
}
Event: 8.233 GC heap before
{Heap before GC invocations=145 (full 3):
 PSYoungGen      total 5632K, used 320K [0x00000000d5580000, 0x00000000d5d00000, 0x0000000100000000)
  eden space 5120K, 0% used [0x00000000d5580000,0x00000000d5580000,0x00000000d5a80000)
  from space 512K, 62% used [0x00000000d5c80000,0x00000000d5cd0000,0x00000000d5d00000)
  to   space 1024K, 0% used [0x00000000d5b00000,0x00000000d5b00000,0x00000000d5c00000)
 ParOldGen       total 109056K, used 108791K [0x0000000080000000, 0x0000000086a80000, 0x00000000d5580000)
  object space 109056K, 99% used [0x0000000080000000,0x0000000086a3dd68,0x0000000086a80000)
 Metaspace       used 58396K, committed 59776K, reserved 1114112K
  class space    used 6262K, committed 6848K, reserved 1048576K
}
Event: 8.314 GC heap after
{Heap after GC invocations=145 (full 3):
 PSYoungGen      total 5632K, used 0K [0x00000000d5580000, 0x00000000d5d00000, 0x0000000100000000)
  eden space 5120K, 0% used [0x00000000d5580000,0x00000000d5580000,0x00000000d5a80000)
  from space 512K, 0% used [0x00000000d5c80000,0x00000000d5c80000,0x00000000d5d00000)
  to   space 1024K, 0% used [0x00000000d5b00000,0x00000000d5b00000,0x00000000d5c00000)
 ParOldGen       total 109056K, used 80753K [0x0000000080000000, 0x0000000086a80000, 0x00000000d5580000)
  object space 109056K, 74% used [0x0000000080000000,0x0000000084edc488,0x0000000086a80000)
 Metaspace       used 58389K, committed 59776K, reserved 1114112K
  class space    used 6260K, committed 6848K, reserved 1048576K
}
Event: 8.342 GC heap before
{Heap before GC invocations=146 (full 3):
 PSYoungGen      total 5632K, used 5120K [0x00000000d5580000, 0x00000000d5d00000, 0x0000000100000000)
  eden space 5120K, 100% used [0x00000000d5580000,0x00000000d5a80000,0x00000000d5a80000)
  from space 512K, 0% used [0x00000000d5c80000,0x00000000d5c80000,0x00000000d5d00000)
  to   space 1024K, 0% used [0x00000000d5b00000,0x00000000d5b00000,0x00000000d5c00000)
 ParOldGen       total 109056K, used 80753K [0x0000000080000000, 0x0000000086a80000, 0x00000000d5580000)
  object space 109056K, 74% used [0x0000000080000000,0x0000000084edc488,0x0000000086a80000)
 Metaspace       used 59052K, committed 60480K, reserved 1114112K
  class space    used 6334K, committed 6976K, reserved 1048576K
}
Event: 8.342 GC heap after
{Heap after GC invocations=146 (full 3):
 PSYoungGen      total 6144K, used 288K [0x00000000d5580000, 0x00000000d5d00000, 0x0000000100000000)
  eden space 5120K, 0% used [0x00000000d5580000,0x00000000d5580000,0x00000000d5a80000)
  from space 1024K, 28% used [0x00000000d5b00000,0x00000000d5b48000,0x00000000d5c00000)
  to   space 512K, 0% used [0x00000000d5c80000,0x00000000d5c80000,0x00000000d5d00000)
 ParOldGen       total 109056K, used 80761K [0x0000000080000000, 0x0000000086a80000, 0x00000000d5580000)
  object space 109056K, 74% used [0x0000000080000000,0x0000000084ede488,0x0000000086a80000)
 Metaspace       used 59052K, committed 60480K, reserved 1114112K
  class space    used 6334K, committed 6976K, reserved 1048576K
}
Event: 8.397 GC heap before
{Heap before GC invocations=147 (full 3):
 PSYoungGen      total 6144K, used 5408K [0x00000000d5580000, 0x00000000d5d00000, 0x0000000100000000)
  eden space 5120K, 100% used [0x00000000d5580000,0x00000000d5a80000,0x00000000d5a80000)
  from space 1024K, 28% used [0x00000000d5b00000,0x00000000d5b48000,0x00000000d5c00000)
  to   space 512K, 0% used [0x00000000d5c80000,0x00000000d5c80000,0x00000000d5d00000)
 ParOldGen       total 109056K, used 80761K [0x0000000080000000, 0x0000000086a80000, 0x00000000d5580000)
  object space 109056K, 74% used [0x0000000080000000,0x0000000084ede488,0x0000000086a80000)
 Metaspace       used 59910K, committed 61248K, reserved 1114112K
  class space    used 6379K, committed 6976K, reserved 1048576K
}
Event: 8.397 GC heap after
{Heap after GC invocations=147 (full 3):
 PSYoungGen      total 5632K, used 320K [0x00000000d5580000, 0x00000000d5d00000, 0x0000000100000000)
  eden space 5120K, 0% used [0x00000000d5580000,0x00000000d5580000,0x00000000d5a80000)
  from space 512K, 62% used [0x00000000d5c80000,0x00000000d5cd0000,0x00000000d5d00000)
  to   space 512K, 0% used [0x00000000d5c00000,0x00000000d5c00000,0x00000000d5c80000)
 ParOldGen       total 109056K, used 80857K [0x0000000080000000, 0x0000000086a80000, 0x00000000d5580000)
  object space 109056K, 74% used [0x0000000080000000,0x0000000084ef6488,0x0000000086a80000)
 Metaspace       used 59910K, committed 61248K, reserved 1114112K
  class space    used 6379K, committed 6976K, reserved 1048576K
}
Event: 8.430 GC heap before
{Heap before GC invocations=148 (full 3):
 PSYoungGen      total 5632K, used 5440K [0x00000000d5580000, 0x00000000d5d00000, 0x0000000100000000)
  eden space 5120K, 100% used [0x00000000d5580000,0x00000000d5a80000,0x00000000d5a80000)
  from space 512K, 62% used [0x00000000d5c80000,0x00000000d5cd0000,0x00000000d5d00000)
  to   space 512K, 0% used [0x00000000d5c00000,0x00000000d5c00000,0x00000000d5c80000)
 ParOldGen       total 109056K, used 80857K [0x0000000080000000, 0x0000000086a80000, 0x00000000d5580000)
  object space 109056K, 74% used [0x0000000080000000,0x0000000084ef6488,0x0000000086a80000)
 Metaspace       used 60345K, committed 61760K, reserved 1114112K
  class space    used 6423K, committed 7040K, reserved 1048576K
}
Event: 8.431 GC heap after
{Heap after GC invocations=148 (full 3):
 PSYoungGen      total 5632K, used 512K [0x00000000d5580000, 0x00000000d5d80000, 0x0000000100000000)
  eden space 5120K, 0% used [0x00000000d5580000,0x00000000d5580000,0x00000000d5a80000)
  from space 512K, 100% used [0x00000000d5c00000,0x00000000d5c80000,0x00000000d5c80000)
  to   space 1024K, 0% used [0x00000000d5c80000,0x00000000d5c80000,0x00000000d5d80000)
 ParOldGen       total 109056K, used 81521K [0x0000000080000000, 0x0000000086a80000, 0x00000000d5580000)
  object space 109056K, 74% used [0x0000000080000000,0x0000000084f9c4a8,0x0000000086a80000)
 Metaspace       used 60345K, committed 61760K, reserved 1114112K
  class space    used 6423K, committed 7040K, reserved 1048576K
}
Event: 8.446 GC heap before
{Heap before GC invocations=149 (full 3):
 PSYoungGen      total 5632K, used 5632K [0x00000000d5580000, 0x00000000d5d80000, 0x0000000100000000)
  eden space 5120K, 100% used [0x00000000d5580000,0x00000000d5a80000,0x00000000d5a80000)
  from space 512K, 100% used [0x00000000d5c00000,0x00000000d5c80000,0x00000000d5c80000)
  to   space 1024K, 0% used [0x00000000d5c80000,0x00000000d5c80000,0x00000000d5d80000)
 ParOldGen       total 109056K, used 81521K [0x0000000080000000, 0x0000000086a80000, 0x00000000d5580000)
  object space 109056K, 74% used [0x0000000080000000,0x0000000084f9c4a8,0x0000000086a80000)
 Metaspace       used 60396K, committed 61760K, reserved 1114112K
  class space    used 6431K, committed 7040K, reserved 1048576K
}
Event: 8.447 GC heap after
{Heap after GC invocations=149 (full 3):
 PSYoungGen      total 6144K, used 992K [0x00000000d5580000, 0x00000000d5e80000, 0x0000000100000000)
  eden space 5120K, 0% used [0x00000000d5580000,0x00000000d5580000,0x00000000d5a80000)
  from space 1024K, 96% used [0x00000000d5c80000,0x00000000d5d78010,0x00000000d5d80000)
  to   space 2048K, 0% used [0x00000000d5a80000,0x00000000d5a80000,0x00000000d5c80000)
 ParOldGen       total 109056K, used 82313K [0x0000000080000000, 0x0000000086a80000, 0x00000000d5580000)
  object space 109056K, 75% used [0x0000000080000000,0x00000000850624b8,0x0000000086a80000)
 Metaspace       used 60396K, committed 61760K, reserved 1114112K
  class space    used 6431K, committed 7040K, reserved 1048576K
}
Event: 8.487 GC heap before
{Heap before GC invocations=150 (full 3):
 PSYoungGen      total 6144K, used 6112K [0x00000000d5580000, 0x00000000d5e80000, 0x0000000100000000)
  eden space 5120K, 100% used [0x00000000d5580000,0x00000000d5a80000,0x00000000d5a80000)
  from space 1024K, 96% used [0x00000000d5c80000,0x00000000d5d78010,0x00000000d5d80000)
  to   space 2048K, 0% used [0x00000000d5a80000,0x00000000d5a80000,0x00000000d5c80000)
 ParOldGen       total 109056K, used 82313K [0x0000000080000000, 0x0000000086a80000, 0x00000000d5580000)
  object space 109056K, 75% used [0x0000000080000000,0x00000000850624b8,0x0000000086a80000)
 Metaspace       used 60934K, committed 62336K, reserved 1114112K
  class space    used 6525K, committed 7104K, reserved 1048576K
}
Event: 8.488 GC heap after
{Heap after GC invocations=150 (full 3):
 PSYoungGen      total 6144K, used 640K [0x00000000d5580000, 0x00000000d5d80000, 0x0000000100000000)
  eden space 5120K, 0% used [0x00000000d5580000,0x00000000d5580000,0x00000000d5a80000)
  from space 1024K, 62% used [0x00000000d5a80000,0x00000000d5b20000,0x00000000d5b80000)
  to   space 1536K, 0% used [0x00000000d5c00000,0x00000000d5c00000,0x00000000d5d80000)
 ParOldGen       total 109056K, used 83329K [0x0000000080000000, 0x0000000086a80000, 0x00000000d5580000)
  object space 109056K, 76% used [0x0000000080000000,0x00000000851604c8,0x0000000086a80000)
 Metaspace       used 60934K, committed 62336K, reserved 1114112K
  class space    used 6525K, committed 7104K, reserved 1048576K
}
Event: 8.536 GC heap before
{Heap before GC invocations=151 (full 3):
 PSYoungGen      total 6144K, used 5760K [0x00000000d5580000, 0x00000000d5d80000, 0x0000000100000000)
  eden space 5120K, 100% used [0x00000000d5580000,0x00000000d5a80000,0x00000000d5a80000)
  from space 1024K, 62% used [0x00000000d5a80000,0x00000000d5b20000,0x00000000d5b80000)
  to   space 1536K, 0% used [0x00000000d5c00000,0x00000000d5c00000,0x00000000d5d80000)
 ParOldGen       total 109056K, used 83329K [0x0000000080000000, 0x0000000086a80000, 0x00000000d5580000)
  object space 109056K, 76% used [0x0000000080000000,0x00000000851604c8,0x0000000086a80000)
 Metaspace       used 61158K, committed 62592K, reserved 1114112K
  class space    used 6537K, committed 7168K, reserved 1048576K
}
Event: 8.538 GC heap after
{Heap after GC invocations=151 (full 3):
 PSYoungGen      total 6144K, used 918K [0x00000000d5580000, 0x00000000d5d00000, 0x0000000100000000)
  eden space 5120K, 0% used [0x00000000d5580000,0x00000000d5580000,0x00000000d5a80000)
  from space 1024K, 89% used [0x00000000d5c00000,0x00000000d5ce5bd0,0x00000000d5d00000)
  to   space 1024K, 0% used [0x00000000d5a80000,0x00000000d5a80000,0x00000000d5b80000)
 ParOldGen       total 109056K, used 83753K [0x0000000080000000, 0x0000000086a80000, 0x00000000d5580000)
  object space 109056K, 76% used [0x0000000080000000,0x00000000851ca4c8,0x0000000086a80000)
 Metaspace       used 61158K, committed 62592K, reserved 1114112K
  class space    used 6537K, committed 7168K, reserved 1048576K
}
Event: 8.602 GC heap before
{Heap before GC invocations=152 (full 3):
 PSYoungGen      total 6144K, used 6038K [0x00000000d5580000, 0x00000000d5d00000, 0x0000000100000000)
  eden space 5120K, 100% used [0x00000000d5580000,0x00000000d5a80000,0x00000000d5a80000)
  from space 1024K, 89% used [0x00000000d5c00000,0x00000000d5ce5bd0,0x00000000d5d00000)
  to   space 1024K, 0% used [0x00000000d5a80000,0x00000000d5a80000,0x00000000d5b80000)
 ParOldGen       total 109056K, used 83753K [0x0000000080000000, 0x0000000086a80000, 0x00000000d5580000)
  object space 109056K, 76% used [0x0000000080000000,0x00000000851ca4c8,0x0000000086a80000)
 Metaspace       used 61479K, committed 62912K, reserved 1114112K
  class space    used 6556K, committed 7168K, reserved 1048576K
}
Event: 8.603 GC heap after
{Heap after GC invocations=152 (full 3):
 PSYoungGen      total 6144K, used 440K [0x00000000d5580000, 0x00000000d5c80000, 0x0000000100000000)
  eden space 5120K, 0% used [0x00000000d5580000,0x00000000d5580000,0x00000000d5a80000)
  from space 1024K, 43% used [0x00000000d5a80000,0x00000000d5aee170,0x00000000d5b80000)
  to   space 1024K, 0% used [0x00000000d5b80000,0x00000000d5b80000,0x00000000d5c80000)
 ParOldGen       total 109056K, used 84470K [0x0000000080000000, 0x0000000086a80000, 0x00000000d5580000)
  object space 109056K, 77% used [0x0000000080000000,0x000000008527d958,0x0000000086a80000)
 Metaspace       used 61479K, committed 62912K, reserved 1114112K
  class space    used 6556K, committed 7168K, reserved 1048576K
}
Event: 31.100 GC heap before
{Heap before GC invocations=153 (full 3):
 PSYoungGen      total 6144K, used 5560K [0x00000000d5580000, 0x00000000d5c80000, 0x0000000100000000)
  eden space 5120K, 100% used [0x00000000d5580000,0x00000000d5a80000,0x00000000d5a80000)
  from space 1024K, 43% used [0x00000000d5a80000,0x00000000d5aee170,0x00000000d5b80000)
  to   space 1024K, 0% used [0x00000000d5b80000,0x00000000d5b80000,0x00000000d5c80000)
 ParOldGen       total 109056K, used 84470K [0x0000000080000000, 0x0000000086a80000, 0x00000000d5580000)
  object space 109056K, 77% used [0x0000000080000000,0x000000008527d958,0x0000000086a80000)
 Metaspace       used 61681K, committed 63104K, reserved 1114112K
  class space    used 6566K, committed 7232K, reserved 1048576K
}
Event: 31.101 GC heap after
{Heap after GC invocations=153 (full 3):
 PSYoungGen      total 5632K, used 464K [0x00000000d5580000, 0x00000000d5c00000, 0x0000000100000000)
  eden space 5120K, 0% used [0x00000000d5580000,0x00000000d5580000,0x00000000d5a80000)
  from space 512K, 90% used [0x00000000d5b80000,0x00000000d5bf4010,0x00000000d5c00000)
  to   space 512K, 0% used [0x00000000d5b00000,0x00000000d5b00000,0x00000000d5b80000)
 ParOldGen       total 109056K, used 84719K [0x0000000080000000, 0x0000000086a80000, 0x00000000d5580000)
  object space 109056K, 77% used [0x0000000080000000,0x00000000852bbfa8,0x0000000086a80000)
 Metaspace       used 61681K, committed 63104K, reserved 1114112K
  class space    used 6566K, committed 7232K, reserved 1048576K
}

Dll operation events (12 events):
Event: 0.010 Loaded shared library c:\Users\Josinwua\.vscode\extensions\redhat.java-1.53.0-win32-x64\jre\21.0.10-win32-x86_64\bin\java.dll
Event: 0.068 Loaded shared library c:\Users\Josinwua\.vscode\extensions\redhat.java-1.53.0-win32-x64\jre\21.0.10-win32-x86_64\bin\zip.dll
Event: 0.088 Loaded shared library C:\Users\Josinwua\.vscode\extensions\redhat.java-1.53.0-win32-x64\jre\21.0.10-win32-x86_64\bin\instrument.dll
Event: 0.093 Loaded shared library C:\Users\Josinwua\.vscode\extensions\redhat.java-1.53.0-win32-x64\jre\21.0.10-win32-x86_64\bin\net.dll
Event: 0.095 Loaded shared library C:\Users\Josinwua\.vscode\extensions\redhat.java-1.53.0-win32-x64\jre\21.0.10-win32-x86_64\bin\nio.dll
Event: 0.099 Loaded shared library C:\Users\Josinwua\.vscode\extensions\redhat.java-1.53.0-win32-x64\jre\21.0.10-win32-x86_64\bin\zip.dll
Event: 0.114 Loaded shared library C:\Users\Josinwua\.vscode\extensions\redhat.java-1.53.0-win32-x64\jre\21.0.10-win32-x86_64\bin\jimage.dll
Event: 0.188 Loaded shared library c:\Users\Josinwua\.vscode\extensions\redhat.java-1.53.0-win32-x64\jre\21.0.10-win32-x86_64\bin\verify.dll
Event: 1.209 Loaded shared library C:\Users\Josinwua\AppData\Roaming\Code\User\globalStorage\redhat.java\1.53.0\config_win\org.eclipse.equinox.launcher\org.eclipse.equinox.launcher.win32.win32.x86_64_1.3.0.v20260203-2149\eclipse_11919.dll
Event: 2.466 Loaded shared library C:\Users\Josinwua\AppData\Local\Temp\jna--1054643440\jna13195213702052505753.dll
Event: 3.280 Loaded shared library C:\Users\Josinwua\.vscode\extensions\redhat.java-1.53.0-win32-x64\jre\21.0.10-win32-x86_64\bin\management.dll
Event: 3.282 Loaded shared library C:\Users\Josinwua\.vscode\extensions\redhat.java-1.53.0-win32-x64\jre\21.0.10-win32-x86_64\bin\management_ext.dll

Deoptimization events (20 events):
Event: 8.632 Thread 0x000001f5f7757f00 DEOPT PACKING pc=0x000001f5e4e3d3b4 sp=0x0000000eceefe760
Event: 8.632 Thread 0x000001f5f7757f00 DEOPT UNPACKING pc=0x000001f5e4243aa2 sp=0x0000000eceefe6d8 mode 2
Event: 31.051 Thread 0x000001f5f2ce98a0 Uncommon trap: trap_request=0xffffff45 fr.pc=0x000001f5e4a680d8 relative=0x0000000000000558
Event: 31.051 Thread 0x000001f5f2ce98a0 Uncommon trap: reason=unstable_if action=reinterpret pc=0x000001f5e4a680d8 method=java.util.HashMap.removeNode(ILjava/lang/Object;Ljava/lang/Object;ZZ)Ljava/util/HashMap$Node; @ 62 c2
Event: 31.051 Thread 0x000001f5f2ce98a0 DEOPT PACKING pc=0x000001f5e4a680d8 sp=0x0000000ece3fec10
Event: 31.051 Thread 0x000001f5f2ce98a0 DEOPT UNPACKING pc=0x000001f5e4243aa2 sp=0x0000000ece3feb10 mode 2
Event: 31.052 Thread 0x000001f5f2ce98a0 DEOPT PACKING pc=0x000001f5dd62a030 sp=0x0000000ece3fead0
Event: 31.052 Thread 0x000001f5f2ce98a0 DEOPT UNPACKING pc=0x000001f5e4244242 sp=0x0000000ece3fe028 mode 0
Event: 31.052 Thread 0x000001f5f2ce98a0 DEOPT PACKING pc=0x000001f5dd629f5c sp=0x0000000ece3fead0
Event: 31.052 Thread 0x000001f5f2ce98a0 DEOPT UNPACKING pc=0x000001f5e4244242 sp=0x0000000ece3fe028 mode 0
Event: 31.053 Thread 0x000001f5f2ce98a0 DEOPT PACKING pc=0x000001f5dd62a030 sp=0x0000000ece3fead0
Event: 31.053 Thread 0x000001f5f2ce98a0 DEOPT UNPACKING pc=0x000001f5e4244242 sp=0x0000000ece3fe028 mode 0
Event: 31.053 Thread 0x000001f5f2ce98a0 DEOPT PACKING pc=0x000001f5dd62a030 sp=0x0000000ece3fead0
Event: 31.053 Thread 0x000001f5f2ce98a0 DEOPT UNPACKING pc=0x000001f5e4244242 sp=0x0000000ece3fe028 mode 0
Event: 31.053 Thread 0x000001f5f2ce98a0 DEOPT PACKING pc=0x000001f5dd629f5c sp=0x0000000ece3fead0
Event: 31.053 Thread 0x000001f5f2ce98a0 DEOPT UNPACKING pc=0x000001f5e4244242 sp=0x0000000ece3fe028 mode 0
Event: 31.099 Thread 0x000001f5f2ce98a0 Uncommon trap: trap_request=0xffffff45 fr.pc=0x000001f5e4cba2b8 relative=0x00000000000005f8
Event: 31.099 Thread 0x000001f5f2ce98a0 Uncommon trap: reason=unstable_if action=reinterpret pc=0x000001f5e4cba2b8 method=java.util.ImmutableCollections$AbstractImmutableList.equals(Ljava/lang/Object;)Z @ 2 c2
Event: 31.099 Thread 0x000001f5f2ce98a0 DEOPT PACKING pc=0x000001f5e4cba2b8 sp=0x0000000ece3fe3f0
Event: 31.099 Thread 0x000001f5f2ce98a0 DEOPT UNPACKING pc=0x000001f5e4243aa2 sp=0x0000000ece3fe390 mode 2

Classes loaded (20 events):
Event: 31.100 Loading class sun/util/cldr/CLDRTimeZoneNameProviderImpl
Event: 31.100 Loading class sun/util/locale/provider/TimeZoneNameProviderImpl
Event: 31.102 Loading class sun/util/locale/provider/TimeZoneNameProviderImpl done
Event: 31.102 Loading class sun/util/cldr/CLDRTimeZoneNameProviderImpl done
Event: 31.104 Loading class sun/util/resources/cldr/TimeZoneNames
Event: 31.104 Loading class sun/util/resources/TimeZoneNamesBundle
Event: 31.104 Loading class sun/util/resources/OpenListResourceBundle
Event: 31.104 Loading class sun/util/resources/OpenListResourceBundle done
Event: 31.104 Loading class sun/util/resources/TimeZoneNamesBundle done
Event: 31.104 Loading class sun/util/resources/cldr/TimeZoneNames done
Event: 31.105 Loading class sun/util/resources/cldr/TimeZoneNames_en
Event: 31.106 Loading class sun/util/resources/cldr/TimeZoneNames_en done
Event: 31.107 Loading class sun/util/resources/cldr/TimeZoneNames_en_US
Event: 31.107 Loading class sun/util/resources/cldr/TimeZoneNames_en_US done
Event: 31.108 Loading class sun/util/cldr/CLDRBaseLocaleDataMetaInfo$TZCanonicalIDMapHolder
Event: 31.110 Loading class sun/util/cldr/CLDRBaseLocaleDataMetaInfo$TZCanonicalIDMapHolder done
Event: 31.111 Loading class sun/util/resources/TimeZoneNames
Event: 31.113 Loading class sun/util/resources/TimeZoneNames done
Event: 31.113 Loading class sun/util/resources/TimeZoneNames_en
Event: 31.113 Loading class sun/util/resources/TimeZoneNames_en done

Classes unloaded (11 events):
Event: 2.831 Thread 0x000001f5d9a54150 Unloading class 0x000001f5811ab400 'java/lang/invoke/LambdaForm$MH+0x000001f5811ab400'
Event: 2.831 Thread 0x000001f5d9a54150 Unloading class 0x000001f5811ab000 'java/lang/invoke/LambdaForm$MH+0x000001f5811ab000'
Event: 2.831 Thread 0x000001f5d9a54150 Unloading class 0x000001f5811aac00 'java/lang/invoke/LambdaForm$MH+0x000001f5811aac00'
Event: 2.831 Thread 0x000001f5d9a54150 Unloading class 0x000001f5811aa800 'java/lang/invoke/LambdaForm$MH+0x000001f5811aa800'
Event: 2.831 Thread 0x000001f5d9a54150 Unloading class 0x000001f5811aa400 'java/lang/invoke/LambdaForm$BMH+0x000001f5811aa400'
Event: 2.831 Thread 0x000001f5d9a54150 Unloading class 0x000001f5811aa000 'java/lang/invoke/LambdaForm$DMH+0x000001f5811aa000'
Event: 2.831 Thread 0x000001f5d9a54150 Unloading class 0x000001f5811a8c00 'java/lang/invoke/LambdaForm$DMH+0x000001f5811a8c00'
Event: 8.248 Thread 0x000001f5d9a54150 Unloading class 0x000001f58164d400 'java/lang/invoke/LambdaForm$DMH+0x000001f58164d400'
Event: 8.248 Thread 0x000001f5d9a54150 Unloading class 0x000001f58164d000 'java/lang/invoke/LambdaForm$DMH+0x000001f58164d000'
Event: 8.248 Thread 0x000001f5d9a54150 Unloading class 0x000001f58164c800 'java/lang/invoke/LambdaForm$DMH+0x000001f58164c800'
Event: 8.248 Thread 0x000001f5d9a54150 Unloading class 0x000001f58164cc00 'java/lang/invoke/LambdaForm$DMH+0x000001f58164cc00'

Classes redefined (0 events):
No events

Internal exceptions (20 events):
Event: 7.779 Thread 0x000001f5f96126e0 Exception <a 'java/lang/NoSuchMethodError'{0x00000000d5874030}: 'java.lang.Object java.lang.invoke.DirectMethodHandle$Holder.invokeVirtual(java.lang.Object, java.lang.Object, int)'> (0x00000000d5874030) 
thrown [s\src\hotspot\share\interpreter\linkResolver.cpp, line 773]
Event: 7.969 Thread 0x000001f5f9614120 Exception <a 'sun/nio/fs/WindowsException'{0x00000000d5a7d588}> (0x00000000d5a7d588) 
thrown [s\src\hotspot\share\prims\jni.cpp, line 520]
Event: 7.969 Thread 0x000001f5f9614120 Exception <a 'sun/nio/fs/WindowsException'{0x00000000d5a7e328}> (0x00000000d5a7e328) 
thrown [s\src\hotspot\share\prims\jni.cpp, line 520]
Event: 7.969 Thread 0x000001f5f9614120 Exception <a 'sun/nio/fs/WindowsException'{0x00000000d5a7fbd0}> (0x00000000d5a7fbd0) 
thrown [s\src\hotspot\share\prims\jni.cpp, line 520]
Event: 7.970 Thread 0x000001f5f9614120 Exception <a 'sun/nio/fs/WindowsException'{0x00000000d5580780}> (0x00000000d5580780) 
thrown [s\src\hotspot\share\prims\jni.cpp, line 520]
Event: 7.974 Thread 0x000001f5f7757f00 Exception <a 'sun/nio/fs/WindowsException'{0x00000000d55fc5a8}> (0x00000000d55fc5a8) 
thrown [s\src\hotspot\share\prims\jni.cpp, line 520]
Event: 7.974 Thread 0x000001f5f7757f00 Exception <a 'sun/nio/fs/WindowsException'{0x00000000d55fce28}> (0x00000000d55fce28) 
thrown [s\src\hotspot\share\prims\jni.cpp, line 520]
Event: 7.974 Thread 0x000001f5f7757f00 Exception <a 'sun/nio/fs/WindowsException'{0x00000000d56167b8}> (0x00000000d56167b8) 
thrown [s\src\hotspot\share\prims\jni.cpp, line 520]
Event: 7.974 Thread 0x000001f5f7757f00 Exception <a 'sun/nio/fs/WindowsException'{0x00000000d5617058}> (0x00000000d5617058) 
thrown [s\src\hotspot\share\prims\jni.cpp, line 520]
Event: 7.975 Thread 0x000001f5f7757f00 Exception <a 'sun/nio/fs/WindowsException'{0x00000000d562c2a0}> (0x00000000d562c2a0) 
thrown [s\src\hotspot\share\prims\jni.cpp, line 520]
Event: 7.975 Thread 0x000001f5f7757f00 Exception <a 'sun/nio/fs/WindowsException'{0x00000000d562e4a8}> (0x00000000d562e4a8) 
thrown [s\src\hotspot\share\prims\jni.cpp, line 520]
Event: 7.976 Thread 0x000001f5f7757f00 Exception <a 'sun/nio/fs/WindowsException'{0x00000000d563e2d0}> (0x00000000d563e2d0) 
thrown [s\src\hotspot\share\prims\jni.cpp, line 520]
Event: 7.976 Thread 0x000001f5f7757f00 Exception <a 'sun/nio/fs/WindowsException'{0x00000000d563f7f8}> (0x00000000d563f7f8) 
thrown [s\src\hotspot\share\prims\jni.cpp, line 520]
Event: 7.976 Thread 0x000001f5f7757f00 Exception <a 'sun/nio/fs/WindowsException'{0x00000000d56415e8}> (0x00000000d56415e8) 
thrown [s\src\hotspot\share\prims\jni.cpp, line 520]
Event: 7.976 Thread 0x000001f5f7757f00 Exception <a 'sun/nio/fs/WindowsException'{0x00000000d5641e78}> (0x00000000d5641e78) 
thrown [s\src\hotspot\share\prims\jni.cpp, line 520]
Event: 8.463 Thread 0x000001f5f96126e0 Exception <a 'java/lang/NoSuchMethodError'{0x00000000d57b1fb0}: 'int java.lang.invoke.DirectMethodHandle$Holder.invokeSpecialIFC(java.lang.Object, java.lang.Object, java.lang.Object)'> (0x00000000d57b1fb0) 
thrown [s\src\hotspot\share\interpreter\linkResolver.cpp, line 773]
Event: 8.470 Thread 0x000001f5f7757f00 Exception <a 'java/lang/NoSuchMethodError'{0x00000000d58a66b8}: 'java.lang.Object java.lang.invoke.DirectMethodHandle$Holder.invokeStatic(java.lang.Object, java.lang.Object, int, java.lang.Object)'> (0x00000000d58a66b8) 
thrown [s\src\hotspot\share\interpreter\linkResolver.cpp, line 773]
Event: 8.470 Thread 0x000001f5f7757f00 Exception <a 'java/lang/NoSuchMethodError'{0x00000000d58ad008}: 'java.lang.Object java.lang.invoke.DirectMethodHandle$Holder.newInvokeSpecial(java.lang.Object, java.lang.Object, int)'> (0x00000000d58ad008) 
thrown [s\src\hotspot\share\interpreter\linkResolver.cpp, line 773]
Event: 8.506 Thread 0x000001f5f7757f00 Implicit null exception at 0x000001f5e4d14627 to 0x000001f5e4d149bc
Event: 8.565 Thread 0x000001f5f96126e0 Implicit null exception at 0x000001f5e4956dc8 to 0x000001f5e49578a8

ZGC Phase Switch (0 events):
No events

VM Operations (20 events):
Event: 8.446 Executing safepoint VM operation: ParallelGCFailedAllocation (Allocation Failure)
Event: 8.448 Executing safepoint VM operation: ParallelGCFailedAllocation (Allocation Failure) done
Event: 8.454 Executing non-safepoint VM operation: HandshakeAllThreads (Deoptimize)
Event: 8.454 Executing non-safepoint VM operation: HandshakeAllThreads (Deoptimize) done
Event: 8.487 Executing safepoint VM operation: ParallelGCFailedAllocation (Allocation Failure)
Event: 8.488 Executing safepoint VM operation: ParallelGCFailedAllocation (Allocation Failure) done
Event: 8.536 Executing safepoint VM operation: ParallelGCFailedAllocation (Allocation Failure)
Event: 8.538 Executing safepoint VM operation: ParallelGCFailedAllocation (Allocation Failure) done
Event: 8.602 Executing safepoint VM operation: ParallelGCFailedAllocation (Allocation Failure)
Event: 8.603 Executing safepoint VM operation: ParallelGCFailedAllocation (Allocation Failure) done
Event: 8.625 Executing non-safepoint VM operation: HandshakeAllThreads (Deoptimize)
Event: 8.625 Executing non-safepoint VM operation: HandshakeAllThreads (Deoptimize) done
Event: 9.630 Executing safepoint VM operation: Cleanup
Event: 9.630 Executing safepoint VM operation: Cleanup done
Event: 11.643 Executing safepoint VM operation: Cleanup
Event: 11.643 Executing safepoint VM operation: Cleanup done
Event: 31.100 Executing safepoint VM operation: ParallelGCFailedAllocation (Allocation Failure)
Event: 31.101 Executing safepoint VM operation: ParallelGCFailedAllocation (Allocation Failure) done
Event: 32.102 Executing safepoint VM operation: Cleanup
Event: 32.102 Executing safepoint VM operation: Cleanup done

Memory protections (0 events):
No events

Nmethod flushes (20 events):
Event: 8.263 Thread 0x000001f5d9a54150 flushing  nmethod 0x000001f5dd564990
Event: 8.263 Thread 0x000001f5d9a54150 flushing  nmethod 0x000001f5dd565090
Event: 8.263 Thread 0x000001f5d9a54150 flushing  nmethod 0x000001f5dd565690
Event: 8.263 Thread 0x000001f5d9a54150 flushing  nmethod 0x000001f5dd565f10
Event: 8.263 Thread 0x000001f5d9a54150 flushing  nmethod 0x000001f5dd566290
Event: 8.263 Thread 0x000001f5d9a54150 flushing  nmethod 0x000001f5dd567d10
Event: 8.263 Thread 0x000001f5d9a54150 flushing  nmethod 0x000001f5dd58c790
Event: 8.263 Thread 0x000001f5d9a54150 flushing  nmethod 0x000001f5dd5ae210
Event: 8.263 Thread 0x000001f5d9a54150 flushing  nmethod 0x000001f5dd5b5090
Event: 8.263 Thread 0x000001f5d9a54150 flushing osr nmethod 0x000001f5dd5b7d90
Event: 8.263 Thread 0x000001f5d9a54150 flushing  nmethod 0x000001f5dd5f0b90
Event: 8.263 Thread 0x000001f5d9a54150 flushing  nmethod 0x000001f5dd5f2490
Event: 8.263 Thread 0x000001f5d9a54150 flushing  nmethod 0x000001f5dd5f3f90
Event: 8.263 Thread 0x000001f5d9a54150 flushing  nmethod 0x000001f5dd5fcf10
Event: 8.263 Thread 0x000001f5d9a54150 flushing  nmethod 0x000001f5dd5fe790
Event: 8.263 Thread 0x000001f5d9a54150 flushing  nmethod 0x000001f5dd5fef10
Event: 8.263 Thread 0x000001f5d9a54150 flushing  nmethod 0x000001f5dd5ff290
Event: 8.263 Thread 0x000001f5d9a54150 flushing  nmethod 0x000001f5dd5ffd90
Event: 8.263 Thread 0x000001f5d9a54150 flushing  nmethod 0x000001f5dd603210
Event: 8.263 Thread 0x000001f5d9a54150 flushing  nmethod 0x000001f5dd623090

Events (20 events):
Event: 3.840 Thread 0x000001f5f96119c0 Thread added: 0x000001f5f96147b0
Event: 3.840 Thread 0x000001f5f9613400 Thread added: 0x000001f5f9612d70
Event: 3.840 Thread 0x000001f5f96147b0 Thread added: 0x000001f5f9613a90
Event: 3.841 Thread 0x000001f5f9612d70 Thread added: 0x000001f5f9614120
Event: 6.882 Thread 0x000001f5f7757f00 Thread added: 0x000001f5f9375790
Event: 6.882 Thread 0x000001f5f7757f00 Thread added: 0x000001f5f9378580
Event: 6.882 Thread 0x000001f5f7757f00 Thread added: 0x000001f5f9375e20
Event: 6.882 Thread 0x000001f5f7757f00 Thread added: 0x000001f5f93792a0
Event: 6.882 Thread 0x000001f5f7757f00 Thread added: 0x000001f5f9379930
Event: 7.204 Thread 0x000001f5f9375e20 Thread exited: 0x000001f5f9375e20
Event: 7.204 Thread 0x000001f5f9378580 Thread exited: 0x000001f5f9378580
Event: 7.204 Thread 0x000001f5f9379930 Thread exited: 0x000001f5f9379930
Event: 7.204 Thread 0x000001f5f9375790 Thread exited: 0x000001f5f9375790
Event: 7.204 Thread 0x000001f5f93792a0 Thread exited: 0x000001f5f93792a0
Event: 11.168 Thread 0x000001f5f27dfdd0 Thread exited: 0x000001f5f27dfdd0
Event: 13.483 Thread 0x000001f5f1b19550 Thread exited: 0x000001f5f1b19550
Event: 31.062 Thread 0x000001f5d9b7e7d0 Thread added: 0x000001f5fa177cb0
Event: 31.065 Thread 0x000001f5d9b7e7d0 Thread added: 0x000001f5fa17ac60
Event: 36.150 Thread 0x000001f5fa17ac60 Thread exited: 0x000001f5fa17ac60
Event: 36.150 Thread 0x000001f5fa177cb0 Thread exited: 0x000001f5fa177cb0


Dynamic libraries:
0x00007ff7e0de0000 - 0x00007ff7e0dee000 	c:\Users\Josinwua\.vscode\extensions\redhat.java-1.53.0-win32-x64\jre\21.0.10-win32-x86_64\bin\java.exe
0x00007ffd27c40000 - 0x00007ffd27ea7000 	C:\WINDOWS\SYSTEM32\ntdll.dll
0x00007ffd27af0000 - 0x00007ffd27bb9000 	C:\WINDOWS\System32\KERNEL32.DLL
0x00007ffd25470000 - 0x00007ffd25861000 	C:\WINDOWS\System32\KERNELBASE.dll
0x00007ffd25070000 - 0x00007ffd251bb000 	C:\WINDOWS\System32\ucrtbase.dll
0x00007ffcfbc60000 - 0x00007ffcfbc7e000 	c:\Users\Josinwua\.vscode\extensions\redhat.java-1.53.0-win32-x64\jre\21.0.10-win32-x86_64\bin\VCRUNTIME140.dll
0x00007ffcfbc80000 - 0x00007ffcfbc98000 	c:\Users\Josinwua\.vscode\extensions\redhat.java-1.53.0-win32-x64\jre\21.0.10-win32-x86_64\bin\jli.dll
0x00007ffd267d0000 - 0x00007ffd26995000 	C:\WINDOWS\System32\USER32.dll
0x00007ffd07500000 - 0x00007ffd07793000 	C:\WINDOWS\WinSxS\amd64_microsoft.windows.common-controls_6595b64144ccf1df_6.0.26100.8037_none_3e092faae333b53b\COMCTL32.dll
0x00007ffd25920000 - 0x00007ffd25947000 	C:\WINDOWS\System32\win32u.dll
0x00007ffd26720000 - 0x00007ffd267c9000 	C:\WINDOWS\System32\msvcrt.dll
0x00007ffd26f40000 - 0x00007ffd26f6b000 	C:\WINDOWS\System32\GDI32.dll
0x00007ffd251c0000 - 0x00007ffd252eb000 	C:\WINDOWS\System32\gdi32full.dll
0x00007ffd25870000 - 0x00007ffd25913000 	C:\WINDOWS\System32\msvcp_win.dll
0x00007ffd27bc0000 - 0x00007ffd27bf1000 	C:\WINDOWS\System32\IMM32.DLL
0x00007ffd0ef30000 - 0x00007ffd0ef3c000 	c:\Users\Josinwua\.vscode\extensions\redhat.java-1.53.0-win32-x64\jre\21.0.10-win32-x86_64\bin\vcruntime140_1.dll
0x00007ffcfa3b0000 - 0x00007ffcfa43d000 	c:\Users\Josinwua\.vscode\extensions\redhat.java-1.53.0-win32-x64\jre\21.0.10-win32-x86_64\bin\msvcp140.dll
0x00007ffc7d6a0000 - 0x00007ffc7e441000 	c:\Users\Josinwua\.vscode\extensions\redhat.java-1.53.0-win32-x64\jre\21.0.10-win32-x86_64\bin\server\jvm.dll
0x00007ffd26630000 - 0x00007ffd266eb000 	C:\WINDOWS\System32\ADVAPI32.dll
0x00007ffd27720000 - 0x00007ffd277c7000 	C:\WINDOWS\System32\sechost.dll
0x00007ffd26a00000 - 0x00007ffd26b18000 	C:\WINDOWS\System32\RPCRT4.dll
0x00007ffd259e0000 - 0x00007ffd25a54000 	C:\WINDOWS\System32\WS2_32.dll
0x00007ffd1d320000 - 0x00007ffd1d355000 	C:\WINDOWS\SYSTEM32\WINMM.dll
0x00007ffd243a0000 - 0x00007ffd243fe000 	C:\WINDOWS\SYSTEM32\POWRPROF.dll
0x00007ffd1d360000 - 0x00007ffd1d36b000 	C:\WINDOWS\SYSTEM32\VERSION.dll
0x00007ffd24380000 - 0x00007ffd24394000 	C:\WINDOWS\SYSTEM32\UMPDC.dll
0x00007ffd23280000 - 0x00007ffd2329b000 	C:\WINDOWS\SYSTEM32\kernel.appcore.dll
0x00007ffd0d360000 - 0x00007ffd0d36a000 	c:\Users\Josinwua\.vscode\extensions\redhat.java-1.53.0-win32-x64\jre\21.0.10-win32-x86_64\bin\jimage.dll
0x00007ffd22210000 - 0x00007ffd22452000 	C:\WINDOWS\SYSTEM32\DBGHELP.DLL
0x00007ffd25a60000 - 0x00007ffd25de2000 	C:\WINDOWS\System32\combase.dll
0x00007ffd26cb0000 - 0x00007ffd26d87000 	C:\WINDOWS\System32\OLEAUT32.dll
0x00007ffd03670000 - 0x00007ffd036ab000 	C:\WINDOWS\SYSTEM32\dbgcore.DLL
0x00007ffd24d90000 - 0x00007ffd24e35000 	C:\WINDOWS\System32\bcryptPrimitives.dll
0x00007ffd08450000 - 0x00007ffd0845f000 	c:\Users\Josinwua\.vscode\extensions\redhat.java-1.53.0-win32-x64\jre\21.0.10-win32-x86_64\bin\instrument.dll
0x00007ffcfd360000 - 0x00007ffcfd380000 	c:\Users\Josinwua\.vscode\extensions\redhat.java-1.53.0-win32-x64\jre\21.0.10-win32-x86_64\bin\java.dll
0x00007ffd25ec0000 - 0x00007ffd2661f000 	C:\WINDOWS\System32\SHELL32.dll
0x00007ffd24e40000 - 0x00007ffd24faa000 	C:\WINDOWS\System32\wintypes.dll
0x00007ffd24520000 - 0x00007ffd24d84000 	C:\WINDOWS\System32\windows.storage.dll
0x00007ffd26f70000 - 0x00007ffd27067000 	C:\WINDOWS\System32\SHCORE.dll
0x00007ffd277e0000 - 0x00007ffd27847000 	C:\WINDOWS\System32\shlwapi.dll
0x00007ffd24440000 - 0x00007ffd24469000 	C:\WINDOWS\SYSTEM32\profapi.dll
0x00007ffcfc0c0000 - 0x00007ffcfc0d8000 	c:\Users\Josinwua\.vscode\extensions\redhat.java-1.53.0-win32-x64\jre\21.0.10-win32-x86_64\bin\zip.dll
0x00007ffcfc0b0000 - 0x00007ffcfc0c0000 	C:\Users\Josinwua\.vscode\extensions\redhat.java-1.53.0-win32-x64\jre\21.0.10-win32-x86_64\bin\net.dll
0x00007ffd1d740000 - 0x00007ffd1d867000 	C:\WINDOWS\SYSTEM32\WINHTTP.dll
0x00007ffd23800000 - 0x00007ffd2386b000 	C:\WINDOWS\system32\mswsock.dll
0x00007ffcfb330000 - 0x00007ffcfb346000 	C:\Users\Josinwua\.vscode\extensions\redhat.java-1.53.0-win32-x64\jre\21.0.10-win32-x86_64\bin\nio.dll
0x00007ffcfbc50000 - 0x00007ffcfbc60000 	c:\Users\Josinwua\.vscode\extensions\redhat.java-1.53.0-win32-x64\jre\21.0.10-win32-x86_64\bin\verify.dll
0x00007ffcfa210000 - 0x00007ffcfa255000 	C:\Users\Josinwua\AppData\Roaming\Code\User\globalStorage\redhat.java\1.53.0\config_win\org.eclipse.equinox.launcher\org.eclipse.equinox.launcher.win32.win32.x86_64_1.3.0.v20260203-2149\eclipse_11919.dll
0x00007ffd26da0000 - 0x00007ffd26f35000 	C:\WINDOWS\System32\ole32.dll
0x00007ffd23b00000 - 0x00007ffd23b1b000 	C:\WINDOWS\SYSTEM32\CRYPTSP.dll
0x00007ffd231e0000 - 0x00007ffd23219000 	C:\WINDOWS\system32\rsaenh.dll
0x00007ffd238d0000 - 0x00007ffd23902000 	C:\WINDOWS\SYSTEM32\USERENV.dll
0x00007ffd24410000 - 0x00007ffd2443a000 	C:\WINDOWS\SYSTEM32\bcrypt.dll
0x00007ffd23b20000 - 0x00007ffd23b2c000 	C:\WINDOWS\SYSTEM32\CRYPTBASE.dll
0x00007ffd22c60000 - 0x00007ffd22c93000 	C:\WINDOWS\SYSTEM32\IPHLPAPI.DLL
0x00007ffd27ac0000 - 0x00007ffd27aca000 	C:\WINDOWS\System32\NSI.dll
0x00007ffcf3f10000 - 0x00007ffcf3f59000 	C:\Users\Josinwua\AppData\Local\Temp\jna--1054643440\jna13195213702052505753.dll
0x00007ffd277d0000 - 0x00007ffd277d8000 	C:\WINDOWS\System32\PSAPI.DLL
0x00007ffcfb1c0000 - 0x00007ffcfb1ca000 	C:\Users\Josinwua\.vscode\extensions\redhat.java-1.53.0-win32-x64\jre\21.0.10-win32-x86_64\bin\management.dll
0x00007ffcfb1b0000 - 0x00007ffcfb1bc000 	C:\Users\Josinwua\.vscode\extensions\redhat.java-1.53.0-win32-x64\jre\21.0.10-win32-x86_64\bin\management_ext.dll
0x00007ffd1d560000 - 0x00007ffd1d57d000 	C:\WINDOWS\SYSTEM32\dhcpcsvc6.DLL
0x00007ffd1d530000 - 0x00007ffd1d553000 	C:\WINDOWS\SYSTEM32\dhcpcsvc.DLL

JVMTI agents:
c:\Users\Josinwua\.vscode\extensions\redhat.java-1.53.0-win32-x64\lombok\lombok-1.18.39-4050.jar path:c:\Users\Josinwua\.vscode\extensions\redhat.java-1.53.0-win32-x64\jre\21.0.10-win32-x86_64\bin\instrument.dll, loaded, initialized, instrumentlib options:none

dbghelp: loaded successfully - version: 4.0.5 - missing functions: none
symbol engine: initialized successfully - sym options: 0x614 - pdb path: .;c:\Users\Josinwua\.vscode\extensions\redhat.java-1.53.0-win32-x64\jre\21.0.10-win32-x86_64\bin;C:\WINDOWS\SYSTEM32;C:\WINDOWS\WinSxS\amd64_microsoft.windows.common-controls_6595b64144ccf1df_6.0.26100.8037_none_3e092faae333b53b;c:\Users\Josinwua\.vscode\extensions\redhat.java-1.53.0-win32-x64\jre\21.0.10-win32-x86_64\bin\server;C:\Users\Josinwua\AppData\Roaming\Code\User\globalStorage\redhat.java\1.53.0\config_win\org.eclipse.equinox.launcher\org.eclipse.equinox.launcher.win32.win32.x86_64_1.3.0.v20260203-2149;C:\Users\Josinwua\AppData\Local\Temp\jna--1054643440

VM Arguments:
jvm_args: --add-modules=ALL-SYSTEM --add-opens=java.base/java.util=ALL-UNNAMED --add-opens=java.base/java.lang=ALL-UNNAMED --add-opens=java.base/sun.nio.fs=ALL-UNNAMED -Declipse.application=org.eclipse.jdt.ls.core.id1 -Dosgi.bundles.defaultStartLevel=4 -Declipse.product=org.eclipse.jdt.ls.core.product -Djava.import.generatesMetadataFilesAtProjectRoot=false -DDetectVMInstallationsJob.disabled=true -Dfile.encoding=utf8 -XX:+UseParallelGC -XX:GCTimeRatio=4 -XX:AdaptiveSizePolicyWeight=90 -Dsun.zip.disableMemoryMapping=true -Xmx2G -Xms100m -Xlog:disable -javaagent:c:\Users\Josinwua\.vscode\extensions\redhat.java-1.53.0-win32-x64\lombok\lombok-1.18.39-4050.jar -XX:+HeapDumpOnOutOfMemoryError -XX:HeapDumpPath=c:\Users\Josinwua\AppData\Roaming\Code\User\workspaceStorage\849b789db0276f13d7a10f8a4d0e7d09\redhat.java -Daether.dependencyCollector.impl=bf 
java_command: c:\Users\Josinwua\.vscode\extensions\redhat.java-1.53.0-win32-x64\server\plugins\org.eclipse.equinox.launcher_1.7.100.v20251111-0406.jar -configuration c:\Users\Josinwua\AppData\Roaming\Code\User\globalStorage\redhat.java\1.53.0\config_win -data c:\Users\Josinwua\AppData\Roaming\Code\User\workspaceStorage\849b789db0276f13d7a10f8a4d0e7d09\redhat.java\jdt_ws --pipe=\\.\pipe\lsp-5d3d144c9494fc19e451a1c166d156e0-sock
java_class_path (initial): c:\Users\Josinwua\.vscode\extensions\redhat.java-1.53.0-win32-x64\server\plugins\org.eclipse.equinox.launcher_1.7.100.v20251111-0406.jar
Launcher Type: SUN_STANDARD

[Global flags]
    uintx AdaptiveSizePolicyWeight                 = 90                                        {product} {command line}
     intx CICompilerCount                          = 4                                         {product} {ergonomic}
    uintx GCTimeRatio                              = 4                                         {product} {command line}
     bool HeapDumpOnOutOfMemoryError               = true                                   {manageable} {command line}
    ccstr HeapDumpPath                             = c:\Users\Josinwua\AppData\Roaming\Code\User\workspaceStorage\849b789db0276f13d7a10f8a4d0e7d09\redhat.java         {manageable} {command line}
   size_t InitialHeapSize                          = 104857600                                 {product} {command line}
   size_t MaxHeapSize                              = 2147483648                                {product} {command line}
   size_t MaxNewSize                               = 715653120                                 {product} {ergonomic}
   size_t MinHeapDeltaBytes                        = 524288                                    {product} {ergonomic}
   size_t MinHeapSize                              = 104857600                                 {product} {command line}
   size_t NewSize                                  = 34603008                                  {product} {ergonomic}
    uintx NonNMethodCodeHeapSize                   = 5839372                                {pd product} {ergonomic}
    uintx NonProfiledCodeHeapSize                  = 122909434                              {pd product} {ergonomic}
   size_t OldSize                                  = 70254592                                  {product} {ergonomic}
    uintx ProfiledCodeHeapSize                     = 122909434                              {pd product} {ergonomic}
    uintx ReservedCodeCacheSize                    = 251658240                              {pd product} {ergonomic}
     bool SegmentedCodeCache                       = true                                      {product} {ergonomic}
   size_t SoftMaxHeapSize                          = 2147483648                             {manageable} {ergonomic}
     bool UseCompressedOops                        = true                           {product lp64_product} {ergonomic}
     bool UseLargePagesIndividualAllocation        = false                                  {pd product} {ergonomic}
     bool UseParallelGC                            = true                                      {product} {command line}

Logging:
Log output configuration:
 #0: stdout all=off uptime,level,tags foldmultilines=false
 #1: stderr all=off uptime,level,tags foldmultilines=false

Release file:
JAVA_VERSION="21.0.10" 
MODULES="java.base java.compiler java.datatransfer java.xml java.prefs java.desktop java.instrument java.logging java.management java.security.sasl java.naming java.rmi java.management.rmi java.net.http java.scripting java.security.jgss java.transaction.xa java.sql java.sql.rowset java.xml.crypto java.se java.smartcardio jdk.accessibility jdk.internal.jvmstat jdk.attach jdk.charsets jdk.internal.opt jdk.zipfs jdk.compiler jdk.crypto.ec jdk.crypto.cryptoki jdk.crypto.mscapi jdk.dynalink jdk.internal.ed jdk.editpad jdk.hotspot.agent jdk.httpserver jdk.internal.le jdk.internal.vm.ci jdk.internal.vm.compiler jdk.internal.vm.compiler.management jdk.jartool jdk.javadoc jdk.jcmd jdk.management jdk.management.agent jdk.jconsole jdk.jdeps jdk.jdwp.agent jdk.jdi jdk.jfr jdk.jshell jdk.jsobject jdk.jstatd jdk.localedata jdk.management.jfr jdk.naming.dns jdk.naming.rmi jdk.net jdk.nio.mapmode jdk.random jdk.sctp jdk.security.auth jdk.security.jgss jdk.unsupported jdk.unsupported.desktop jdk.xml.dom" 

Environment Variables:
PATH=C:\Users\Josinwua\AppData\Local\Programs\Microsoft VS Code;C:\Program Files\Common Files\Oracle\Java\javapath;C:\app\Josinwua\product\21c\dbhomeXE\bin;C:\Windows\system32;C:\Windows;C:\Windows\System32\Wbem;C:\Windows\System32\WindowsPowerShell\v1.0\;C:\Windows\System32\OpenSSH\;C:\Program Files (x86)\NVIDIA Corporation\PhysX\Common;C:\WINDOWS\system32;C:\WINDOWS;C:\WINDOWS\System32\Wbem;C:\WINDOWS\System32\WindowsPowerShell\v1.0\;C:\WINDOWS\System32\OpenSSH\;C:\Users\Josinwua\.maven\bin;C:\Program Files\Git\cmd;C:\Program Files\nodejs\;C:\Program Files\Docker\Docker\resources\bin;C:\Program Files\NVIDIA Corporation\NVIDIA App\NvDLISR;C:\Users\Josinwua\.local\bin;C:\Users\Josinwua\AppData\Local\Programs\oh-my-posh\bin\;C:\Users\Josinwua\AppData\Local\Microsoft\WindowsApps;C:\Program Files\JetBrains\PyCharm Community Edition 2024.3.5\bin;;C:\Users\Josinwua\AppData\Local\Programs\Microsoft VS Code\bin;C:\Users\Josinwua\AppData\Roaming\npm
USERNAME=Josinwua
OS=Windows_NT
PROCESSOR_IDENTIFIER=AMD64 Family 25 Model 80 Stepping 0, AuthenticAMD
TMP=C:\Users\Josinwua\AppData\Local\Temp
TEMP=C:\Users\Josinwua\AppData\Local\Temp




Periodic native trim disabled

---------------  S Y S T E M  ---------------

OS:
 Windows 11 , 64 bit Build 26100 (10.0.26100.7920)
OS uptime: 0 days 0:15 hours
Hyper-V role detected

CPU: total 12 (initial active 12) (12 cores per cpu, 2 threads per core) family 25 model 80 stepping 0 microcode 0xa50000c, cx8, cmov, fxsr, ht, mmx, 3dnowpref, sse, sse2, sse3, ssse3, sse4a, sse4.1, sse4.2, popcnt, lzcnt, tsc, tscinvbit, avx, avx2, aes, erms, clmul, bmi1, bmi2, adx, sha, fma, vzeroupper, clflush, clflushopt, hv, rdtscp, rdpid, fsrm, f16c, cet_ss
Processor Information for processor 0
  Max Mhz: 3301, Current Mhz: 3301, Mhz Limit: 3301
Processor Information for processor 1
  Max Mhz: 3301, Current Mhz: 2630, Mhz Limit: 3301
Processor Information for processor 2
  Max Mhz: 3301, Current Mhz: 2630, Mhz Limit: 3301
Processor Information for processor 3
  Max Mhz: 3301, Current Mhz: 2630, Mhz Limit: 3301
Processor Information for processor 4
  Max Mhz: 3301, Current Mhz: 3301, Mhz Limit: 3301
Processor Information for processor 5
  Max Mhz: 3301, Current Mhz: 3301, Mhz Limit: 3301
Processor Information for processor 6
  Max Mhz: 3301, Current Mhz: 3301, Mhz Limit: 3301
Processor Information for processor 7
  Max Mhz: 3301, Current Mhz: 3301, Mhz Limit: 3301
Processor Information for processor 8
  Max Mhz: 3301, Current Mhz: 2630, Mhz Limit: 3301
Processor Information for processor 9
  Max Mhz: 3301, Current Mhz: 2630, Mhz Limit: 3301
Processor Information for processor 10
  Max Mhz: 3301, Current Mhz: 2630, Mhz Limit: 3301
Processor Information for processor 11
  Max Mhz: 3301, Current Mhz: 2630, Mhz Limit: 3301

Memory: 4k page, system-wide physical 14188M (1459M free)
TotalPageFile size 16236M (AvailPageFile size 11M)
current process WorkingSet (physical memory assigned to process): 298M, peak: 344M
current process commit charge ("private bytes"): 371M, peak: 418M

vm_info: OpenJDK 64-Bit Server VM (21.0.10+7-LTS) for windows-amd64 JRE (21.0.10+7-LTS), built on 2026-01-20T00:00:00Z by "admin" with MS VC++ 17.12 (VS2022)

END.
