#
# There is insufficient memory for the Java Runtime Environment to continue.
# Native memory allocation (malloc) failed to allocate 1372112 bytes. Error detail: Chunk::new
# Possible reasons:
#   The system is out of physical RAM or swap space
#   This process is running with CompressedOops enabled, and the Java Heap may be blocking the growth of the native heap
# Possible solutions:
#   Reduce memory load on the system
#   Increase physical memory or swap space
#   Check if swap backing store is full
#   Decrease Java heap size (-Xmx/-Xms)
#   Decrease number of Java threads
#   Decrease Java thread stack sizes (-Xss)
#   Set larger code cache with -XX:ReservedCodeCacheSize=
#   JVM is running with Unscaled Compressed Oops mode in which the Java heap is
#     placed in the first 4GB address space. The Java Heap base address is the
#     maximum limit for the native heap growth. Please use -XX:HeapBaseMinAddress
#     to set the Java Heap base and to place the Java Heap above 4GB virtual address.
# This output file may be truncated or incomplete.
#
#  Out of Memory Error (arena.cpp:168), pid=3068, tid=8884
#
# JRE version: OpenJDK Runtime Environment Temurin-21.0.10+7 (21.0.10+7) (build 21.0.10+7-LTS)
# Java VM: OpenJDK 64-Bit Server VM Temurin-21.0.10+7 (21.0.10+7-LTS, mixed mode, sharing, tiered, compressed oops, compressed class ptrs, parallel gc, windows-amd64)
# No core dump will be written. Minidumps are not enabled by default on client versions of Windows
#

---------------  S U M M A R Y ------------

Command Line: --add-modules=ALL-SYSTEM --add-opens=java.base/java.util=ALL-UNNAMED --add-opens=java.base/java.lang=ALL-UNNAMED --add-opens=java.base/sun.nio.fs=ALL-UNNAMED -Declipse.application=org.eclipse.jdt.ls.core.id1 -Dosgi.bundles.defaultStartLevel=4 -Declipse.product=org.eclipse.jdt.ls.core.product -Djava.import.generatesMetadataFilesAtProjectRoot=false -DDetectVMInstallationsJob.disabled=true -Dfile.encoding=utf8 -XX:+UseParallelGC -XX:GCTimeRatio=4 -XX:AdaptiveSizePolicyWeight=90 -Dsun.zip.disableMemoryMapping=true -Xmx2G -Xms100m -Xlog:disable -javaagent:c:\Users\Josinwua\.vscode\extensions\redhat.java-1.53.0-win32-x64\lombok\lombok-1.18.39-4050.jar -XX:+HeapDumpOnOutOfMemoryError -XX:HeapDumpPath=c:\Users\Josinwua\AppData\Roaming\Code\User\workspaceStorage\849b789db0276f13d7a10f8a4d0e7d09\redhat.java -Daether.dependencyCollector.impl=bf c:\Users\Josinwua\.vscode\extensions\redhat.java-1.53.0-win32-x64\server\plugins\org.eclipse.equinox.launcher_1.7.100.v20251111-0406.jar -configuration c:\Users\Josinwua\AppData\Roaming\Code\User\globalStorage\redhat.java\1.53.0\config_win -data c:\Users\Josinwua\AppData\Roaming\Code\User\workspaceStorage\849b789db0276f13d7a10f8a4d0e7d09\redhat.java\jdt_ws --pipe=\\.\pipe\lsp-420199b07d08cf65e4d1ef34dadab38c-sock

Host: AMD Ryzen 5 5600H with Radeon Graphics         , 12 cores, 13G,  Windows 11 , 64 bit Build 26100 (10.0.26100.7920)
Time: Wed Mar 11 22:51:08 2026 SA Pacific Standard Time elapsed time: 6.789893 seconds (0d 0h 0m 6s)

---------------  T H R E A D  ---------------

Current thread (0x00000176fb2d3570):  JavaThread "C2 CompilerThread0" daemon [_thread_in_native, id=8884, stack(0x00000041ba600000,0x00000041ba700000) (1024K)]


Current CompileTask:
C2:6789 3630       4       java.lang.invoke.MethodType::makeImpl (109 bytes)

Stack: [0x00000041ba600000,0x00000041ba700000]
Native frames: (J=compiled Java code, j=interpreted, Vv=VM code, C=native code)
V  [jvm.dll+0x6d7a39]
V  [jvm.dll+0x8b4b26]
V  [jvm.dll+0x8b70de]
V  [jvm.dll+0x8b77c3]
V  [jvm.dll+0x284346]
V  [jvm.dll+0xc66ed]
V  [jvm.dll+0xc6c31]
V  [jvm.dll+0x3bec3b]
V  [jvm.dll+0x1e3f69]
V  [jvm.dll+0x24c6b3]
V  [jvm.dll+0x24bb40]
V  [jvm.dll+0x1cb34e]
V  [jvm.dll+0x25b85d]
V  [jvm.dll+0x259dea]
V  [jvm.dll+0x3f857e]
V  [jvm.dll+0x85f59d]
V  [jvm.dll+0x6d626d]
C  [ucrtbase.dll+0x37b0]
C  [KERNEL32.DLL+0x2e8d7]
C  [ntdll.dll+0x8c48c]


---------------  P R O C E S S  ---------------

Threads class SMR info:
_java_thread_list=0x00000176fcbe4cb0, length=24, elements={
0x00000176e35b3550, 0x00000176e36553d0, 0x00000176e355cb00, 0x00000176e3659ac0,
0x00000176e365d220, 0x00000176e3662d90, 0x00000176e36666f0, 0x00000176fb2d3570,
0x00000176e3668a90, 0x00000176fb521cc0, 0x00000176fb604190, 0x00000176fcc2b3d0,
0x00000176fcb9d860, 0x00000176fcafd0b0, 0x00000176fcafe9e0, 0x00000176fced5db0,
0x00000176fcf5ceb0, 0x00000176fd399980, 0x00000176fd3985d0, 0x00000176fd398c60,
0x00000176fd39b3c0, 0x00000176fb4698f0, 0x00000176fd90e080, 0x00000176fd39a010
}

Java Threads: ( => current thread )
  0x00000176e35b3550 JavaThread "main"                              [_thread_blocked, id=23960, stack(0x00000041b9c00000,0x00000041b9d00000) (1024K)]
  0x00000176e36553d0 JavaThread "Reference Handler"          daemon [_thread_blocked, id=22580, stack(0x00000041ba000000,0x00000041ba100000) (1024K)]
  0x00000176e355cb00 JavaThread "Finalizer"                  daemon [_thread_blocked, id=16768, stack(0x00000041ba100000,0x00000041ba200000) (1024K)]
  0x00000176e3659ac0 JavaThread "Signal Dispatcher"          daemon [_thread_blocked, id=14652, stack(0x00000041ba200000,0x00000041ba300000) (1024K)]
  0x00000176e365d220 JavaThread "Attach Listener"            daemon [_thread_blocked, id=12396, stack(0x00000041ba300000,0x00000041ba400000) (1024K)]
  0x00000176e3662d90 JavaThread "Service Thread"             daemon [_thread_blocked, id=13084, stack(0x00000041ba400000,0x00000041ba500000) (1024K)]
  0x00000176e36666f0 JavaThread "Monitor Deflation Thread"   daemon [_thread_blocked, id=11076, stack(0x00000041ba500000,0x00000041ba600000) (1024K)]
=>0x00000176fb2d3570 JavaThread "C2 CompilerThread0"         daemon [_thread_in_native, id=8884, stack(0x00000041ba600000,0x00000041ba700000) (1024K)]
  0x00000176e3668a90 JavaThread "C1 CompilerThread0"         daemon [_thread_in_native, id=15948, stack(0x00000041ba700000,0x00000041ba800000) (1024K)]
  0x00000176fb521cc0 JavaThread "Common-Cleaner"             daemon [_thread_blocked, id=3948, stack(0x00000041ba900000,0x00000041baa00000) (1024K)]
  0x00000176fb604190 JavaThread "Notification Thread"        daemon [_thread_blocked, id=23272, stack(0x00000041baa00000,0x00000041bab00000) (1024K)]
  0x00000176fcc2b3d0 JavaThread "Active Thread: Equinox Container: 9811c94d-f797-42e2-b375-522e6edf5e9e"        [_thread_blocked, id=22904, stack(0x00000041bb200000,0x00000041bb300000) (1024K)]
  0x00000176fcb9d860 JavaThread "Refresh Thread: Equinox Container: 9811c94d-f797-42e2-b375-522e6edf5e9e" daemon [_thread_blocked, id=21816, stack(0x00000041bb400000,0x00000041bb500000) (1024K)]
  0x00000176fcafd0b0 JavaThread "Framework Event Dispatcher: Equinox Container: 9811c94d-f797-42e2-b375-522e6edf5e9e" daemon [_thread_blocked, id=7828, stack(0x00000041bb500000,0x00000041bb600000) (1024K)]
  0x00000176fcafe9e0 JavaThread "Start Level: Equinox Container: 9811c94d-f797-42e2-b375-522e6edf5e9e" daemon [_thread_in_Java, id=5152, stack(0x00000041bb600000,0x00000041bb700000) (1024K)]
  0x00000176fced5db0 JavaThread "Bundle File Closer"         daemon [_thread_blocked, id=19344, stack(0x00000041bb900000,0x00000041bba00000) (1024K)]
  0x00000176fcf5ceb0 JavaThread "SCR Component Actor"        daemon [_thread_blocked, id=17684, stack(0x00000041bab00000,0x00000041bac00000) (1024K)]
  0x00000176fd399980 JavaThread "Worker-JM"                         [_thread_blocked, id=13800, stack(0x00000041bbb00000,0x00000041bbc00000) (1024K)]
  0x00000176fd3985d0 JavaThread "JNA Cleaner"                daemon [_thread_blocked, id=16744, stack(0x00000041bbc00000,0x00000041bbd00000) (1024K)]
  0x00000176fd398c60 JavaThread "Worker-0: Repository registry initialization"        [_thread_in_vm, id=13468, stack(0x00000041bba00000,0x00000041bbb00000) (1024K)]
  0x00000176fd39b3c0 JavaThread "Worker-1"                          [_thread_blocked, id=15056, stack(0x00000041bbd00000,0x00000041bbe00000) (1024K)]
  0x00000176fb4698f0 JavaThread "C2 CompilerThread1"         daemon [_thread_in_native, id=8032, stack(0x00000041ba800000,0x00000041ba900000) (1024K)]
  0x00000176fd90e080 JavaThread "C2 CompilerThread2"         daemon [_thread_in_native, id=4740, stack(0x00000041bbe00000,0x00000041bbf00000) (1024K)]
  0x00000176fd39a010 JavaThread "Worker-2"                          [_thread_blocked, id=21376, stack(0x00000041bbf00000,0x00000041bc000000) (1024K)]
Total: 24

Other Threads:
  0x00000176e35423b0 VMThread "VM Thread"                           [id=15980, stack(0x00000041b9f00000,0x00000041ba000000) (1024K)]
  0x00000176e3620770 WatcherThread "VM Periodic Task Thread"        [id=16072, stack(0x00000041b9e00000,0x00000041b9f00000) (1024K)]
  0x00000176e35d07d0 WorkerThread "GC Thread#0"                     [id=24096, stack(0x00000041b9d00000,0x00000041b9e00000) (1024K)]
  0x00000176fc50b0b0 WorkerThread "GC Thread#1"                     [id=15136, stack(0x00000041bac00000,0x00000041bad00000) (1024K)]
  0x00000176fc4c75c0 WorkerThread "GC Thread#2"                     [id=2164, stack(0x00000041bad00000,0x00000041bae00000) (1024K)]
  0x00000176fc64b160 WorkerThread "GC Thread#3"                     [id=10996, stack(0x00000041bae00000,0x00000041baf00000) (1024K)]
  0x00000176fc64b510 WorkerThread "GC Thread#4"                     [id=16420, stack(0x00000041baf00000,0x00000041bb000000) (1024K)]
  0x00000176fc64b8c0 WorkerThread "GC Thread#5"                     [id=19132, stack(0x00000041bb000000,0x00000041bb100000) (1024K)]
  0x00000176fc8c68a0 WorkerThread "GC Thread#6"                     [id=20996, stack(0x00000041bb100000,0x00000041bb200000) (1024K)]
  0x00000176fcaf2110 WorkerThread "GC Thread#7"                     [id=13816, stack(0x00000041bb300000,0x00000041bb400000) (1024K)]
  0x00000176fce94990 WorkerThread "GC Thread#8"                     [id=18884, stack(0x00000041bb700000,0x00000041bb800000) (1024K)]
  0x00000176fced4de0 WorkerThread "GC Thread#9"                     [id=20432, stack(0x00000041bb800000,0x00000041bb900000) (1024K)]
Total: 12

Threads with active compile tasks:
C2 CompilerThread0  6809 3630       4       java.lang.invoke.MethodType::makeImpl (109 bytes)
C2 CompilerThread1  6809 3801       4       java.lang.invoke.MethodType::methodType (69 bytes)
C2 CompilerThread2  6809 3917       4       org.lombokweb.asm.ClassReader::readUtf (44 bytes)
Total: 3

VM state: not at safepoint (normal execution)

VM Mutex/Monitor currently owned by a thread: None

Heap address: 0x0000000080000000, size: 2048 MB, Compressed Oops mode: 32-bit

CDS archive(s) mapped at: [0x0000017680000000-0x0000017680ba0000-0x0000017680ba0000), size 12189696, SharedBaseAddress: 0x0000017680000000, ArchiveRelocationMode: 1.
Compressed class space mapped at: 0x0000017681000000-0x00000176c1000000, reserved size: 1073741824
Narrow klass base: 0x0000017680000000, Narrow klass shift: 0, Narrow klass range: 0x100000000

GC Precious Log:
 CardTable entry size: 512
 CPUs: 12 total, 12 available
 Memory: 14188M
 Large Page Support: Disabled
 NUMA Support: Disabled
 Compressed Oops: Enabled (32-bit)
 Alignments: Space 512K, Generation 512K, Heap 2M
 Heap Min Capacity: 100M
 Heap Initial Capacity: 100M
 Heap Max Capacity: 2G
 Pre-touch: Disabled
 Parallel Workers: 10

Heap:
 PSYoungGen      total 29184K, used 15040K [0x00000000d5580000, 0x00000000d7780000, 0x0000000100000000)
  eden space 24576K, 61% used [0x00000000d5580000,0x00000000d6430018,0x00000000d6d80000)
  from space 4608K, 0% used [0x00000000d6e00000,0x00000000d6e00000,0x00000000d7280000)
  to   space 5120K, 0% used [0x00000000d7280000,0x00000000d7280000,0x00000000d7780000)
 ParOldGen       total 68608K, used 13318K [0x0000000080000000, 0x0000000084300000, 0x00000000d5580000)
  object space 68608K, 19% used [0x0000000080000000,0x0000000080d01b70,0x0000000084300000)
 Metaspace       used 22510K, committed 23488K, reserved 1114112K
  class space    used 2374K, committed 2816K, reserved 1048576K

Card table byte_map: [0x00000176e2f50000,0x00000176e3360000] _byte_map_base: 0x00000176e2b50000

Marking Bits: (ParMarkBitMap*) 0x00007ffc7e363450
 Begin Bits: [0x00000176f5a60000, 0x00000176f7a60000)
 End Bits:   [0x00000176f7a60000, 0x00000176f9a60000)

Polling page: 0x00000176e1380000

Metaspace:

Usage:
  Non-class:     19.66 MB used.
      Class:      2.32 MB used.
       Both:     21.98 MB used.

Virtual space:
  Non-class space:       64.00 MB reserved,      20.19 MB ( 32%) committed,  1 nodes.
      Class space:        1.00 GB reserved,       2.75 MB ( <1%) committed,  1 nodes.
             Both:        1.06 GB reserved,      22.94 MB (  2%) committed. 

Chunk freelists:
   Non-Class:  10.91 MB
       Class:  13.30 MB
        Both:  24.19 MB

MaxMetaspaceSize: unlimited
CompressedClassSpaceSize: 1.00 GB
Initial GC threshold: 21.00 MB
Current GC threshold: 35.00 MB
CDS: on
 - commit_granule_bytes: 65536.
 - commit_granule_words: 8192.
 - virtual_space_node_default_size: 8388608.
 - enlarge_chunks_in_place: 1.
 - use_allocation_guard: 0.


Internal statistics:

num_allocs_failed_limit: 3.
num_arena_births: 824.
num_arena_deaths: 14.
num_vsnodes_births: 2.
num_vsnodes_deaths: 0.
num_space_committed: 367.
num_space_uncommitted: 0.
num_chunks_returned_to_freelist: 17.
num_chunks_taken_from_freelist: 1789.
num_chunk_merges: 9.
num_chunk_splits: 1114.
num_chunks_enlarged: 632.
num_inconsistent_stats: 0.

CodeHeap 'non-profiled nmethods': size=120000Kb used=1714Kb max_used=1714Kb free=118285Kb
 bounds [0x00000176ee280000, 0x00000176ee4f0000, 0x00000176f57b0000]
CodeHeap 'profiled nmethods': size=120000Kb used=8071Kb max_used=8071Kb free=111928Kb
 bounds [0x00000176e67b0000, 0x00000176e6fa0000, 0x00000176edce0000]
CodeHeap 'non-nmethods': size=5760Kb used=1293Kb max_used=1339Kb free=4466Kb
 bounds [0x00000176edce0000, 0x00000176edf50000, 0x00000176ee280000]
CodeCache: size=245760Kb, used=11078Kb, max_used=11124Kb, free=234679Kb
 total_blobs=4516, nmethods=3943, adapters=479, full_count=0
Compilation: enabled, stopped_count=0, restarted_count=0

Compilation events (20 events):
Event: 3.739 Thread 0x00000176e3668a90 3918       3       org.lombokweb.asm.ByteVector::<init> (13 bytes)
Event: 3.740 Thread 0x00000176e3668a90 nmethod 3918 0x00000176e6f77a90 code [0x00000176e6f77c40, 0x00000176e6f77e60]
Event: 3.740 Thread 0x00000176e3668a90 3919       3       org.lombokweb.asm.ClassReader::readMethod (1070 bytes)
Event: 3.740 Thread 0x00000176fd90e080 3806       4       java.util.concurrent.locks.ReentrantLock$NonfairSync::initialTryLock (58 bytes)
Event: 3.741 Thread 0x00000176fd90e080 nmethod 3806 0x00000176ee429590 code [0x00000176ee429720, 0x00000176ee429828]
Event: 3.741 Thread 0x00000176fd90e080 3840 %     4       sun.security.provider.SHA::implCompress0 @ 27 (478 bytes)
Event: 5.769 Thread 0x00000176e3668a90 nmethod 3919 0x00000176e6f77f10 code [0x00000176e6f78680, 0x00000176e6f7cb20]
Event: 5.769 Thread 0x00000176e3668a90 3923       3       org.lombokweb.asm.MethodWriter::<init> (232 bytes)
Event: 5.770 Thread 0x00000176e3668a90 nmethod 3923 0x00000176e6f7e710 code [0x00000176e6f7e9a0, 0x00000176e6f7f4f8]
Event: 5.770 Thread 0x00000176e3668a90 3927       3       java.util.concurrent.Semaphore$Sync::nonfairTryAcquireShared (27 bytes)
Event: 5.770 Thread 0x00000176e3668a90 nmethod 3927 0x00000176e6f7fa10 code [0x00000176e6f7fbc0, 0x00000176e6f7fe10]
Event: 5.771 Thread 0x00000176e3668a90 3920       3       org.lombokweb.asm.MethodVisitor::<init> (79 bytes)
Event: 5.771 Thread 0x00000176e3668a90 nmethod 3920 0x00000176e6f7ff10 code [0x00000176e6f80160, 0x00000176e6f80a10]
Event: 5.772 Thread 0x00000176e3668a90 3922       3       org.lombokweb.asm.ClassWriter::visitMethod (57 bytes)
Event: 5.772 Thread 0x00000176e3668a90 nmethod 3922 0x00000176e6f80d10 code [0x00000176e6f80ec0, 0x00000176e6f81158]
Event: 5.772 Thread 0x00000176e3668a90 3924       3       org.lombokweb.asm.MethodVisitor::<init> (7 bytes)
Event: 5.772 Thread 0x00000176e3668a90 nmethod 3924 0x00000176e6f81290 code [0x00000176e6f81440, 0x00000176e6f81588]
Event: 5.772 Thread 0x00000176e3668a90 3925       3       org.lombokweb.asm.ClassVisitor::visitMethod (24 bytes)
Event: 5.772 Thread 0x00000176e3668a90 nmethod 3925 0x00000176e6f81610 code [0x00000176e6f817c0, 0x00000176e6f819f8]
Event: 6.712 Thread 0x00000176e3668a90 3929       3       jdk.internal.misc.Unsafe::putReferenceOpaque (9 bytes)

GC Heap History (16 events):
Event: 0.533 GC heap before
{Heap before GC invocations=1 (full 0):
 PSYoungGen      total 29696K, used 25600K [0x00000000d5580000, 0x00000000d7680000, 0x0000000100000000)
  eden space 25600K, 100% used [0x00000000d5580000,0x00000000d6e80000,0x00000000d6e80000)
  from space 4096K, 0% used [0x00000000d7280000,0x00000000d7280000,0x00000000d7680000)
  to   space 4096K, 0% used [0x00000000d6e80000,0x00000000d6e80000,0x00000000d7280000)
 ParOldGen       total 68608K, used 0K [0x0000000080000000, 0x0000000084300000, 0x00000000d5580000)
  object space 68608K, 0% used [0x0000000080000000,0x0000000080000000,0x0000000084300000)
 Metaspace       used 4327K, committed 4608K, reserved 1114112K
  class space    used 473K, committed 576K, reserved 1048576K
}
Event: 0.540 GC heap after
{Heap after GC invocations=1 (full 0):
 PSYoungGen      total 29696K, used 3296K [0x00000000d5580000, 0x00000000d7680000, 0x0000000100000000)
  eden space 25600K, 0% used [0x00000000d5580000,0x00000000d5580000,0x00000000d6e80000)
  from space 4096K, 80% used [0x00000000d6e80000,0x00000000d71b8158,0x00000000d7280000)
  to   space 4096K, 0% used [0x00000000d7280000,0x00000000d7280000,0x00000000d7680000)
 ParOldGen       total 68608K, used 16K [0x0000000080000000, 0x0000000084300000, 0x00000000d5580000)
  object space 68608K, 0% used [0x0000000080000000,0x0000000080004000,0x0000000084300000)
 Metaspace       used 4327K, committed 4608K, reserved 1114112K
  class space    used 473K, committed 576K, reserved 1048576K
}
Event: 0.957 GC heap before
{Heap before GC invocations=2 (full 0):
 PSYoungGen      total 29696K, used 28896K [0x00000000d5580000, 0x00000000d7680000, 0x0000000100000000)
  eden space 25600K, 100% used [0x00000000d5580000,0x00000000d6e80000,0x00000000d6e80000)
  from space 4096K, 80% used [0x00000000d6e80000,0x00000000d71b8158,0x00000000d7280000)
  to   space 4096K, 0% used [0x00000000d7280000,0x00000000d7280000,0x00000000d7680000)
 ParOldGen       total 68608K, used 16K [0x0000000080000000, 0x0000000084300000, 0x00000000d5580000)
  object space 68608K, 0% used [0x0000000080000000,0x0000000080004000,0x0000000084300000)
 Metaspace       used 7957K, committed 8192K, reserved 1114112K
  class space    used 829K, committed 960K, reserved 1048576K
}
Event: 0.961 GC heap after
{Heap after GC invocations=2 (full 0):
 PSYoungGen      total 29696K, used 4086K [0x00000000d5580000, 0x00000000d7680000, 0x0000000100000000)
  eden space 25600K, 0% used [0x00000000d5580000,0x00000000d5580000,0x00000000d6e80000)
  from space 4096K, 99% used [0x00000000d7280000,0x00000000d767d810,0x00000000d7680000)
  to   space 4096K, 0% used [0x00000000d6e80000,0x00000000d6e80000,0x00000000d7280000)
 ParOldGen       total 68608K, used 2049K [0x0000000080000000, 0x0000000084300000, 0x00000000d5580000)
  object space 68608K, 2% used [0x0000000080000000,0x0000000080200638,0x0000000084300000)
 Metaspace       used 7957K, committed 8192K, reserved 1114112K
  class space    used 829K, committed 960K, reserved 1048576K
}
Event: 1.241 GC heap before
{Heap before GC invocations=3 (full 0):
 PSYoungGen      total 29696K, used 29513K [0x00000000d5580000, 0x00000000d7680000, 0x0000000100000000)
  eden space 25600K, 99% used [0x00000000d5580000,0x00000000d6e54d50,0x00000000d6e80000)
  from space 4096K, 99% used [0x00000000d7280000,0x00000000d767d810,0x00000000d7680000)
  to   space 4096K, 0% used [0x00000000d6e80000,0x00000000d6e80000,0x00000000d7280000)
 ParOldGen       total 68608K, used 2049K [0x0000000080000000, 0x0000000084300000, 0x00000000d5580000)
  object space 68608K, 2% used [0x0000000080000000,0x0000000080200638,0x0000000084300000)
 Metaspace       used 9393K, committed 9728K, reserved 1114112K
  class space    used 1004K, committed 1152K, reserved 1048576K
}
Event: 1.246 GC heap after
{Heap after GC invocations=3 (full 0):
 PSYoungGen      total 29696K, used 4081K [0x00000000d5580000, 0x00000000d7680000, 0x0000000100000000)
  eden space 25600K, 0% used [0x00000000d5580000,0x00000000d5580000,0x00000000d6e80000)
  from space 4096K, 99% used [0x00000000d6e80000,0x00000000d727c658,0x00000000d7280000)
  to   space 4096K, 0% used [0x00000000d7280000,0x00000000d7280000,0x00000000d7680000)
 ParOldGen       total 68608K, used 5139K [0x0000000080000000, 0x0000000084300000, 0x00000000d5580000)
  object space 68608K, 7% used [0x0000000080000000,0x0000000080504d38,0x0000000084300000)
 Metaspace       used 9393K, committed 9728K, reserved 1114112K
  class space    used 1004K, committed 1152K, reserved 1048576K
}
Event: 1.628 GC heap before
{Heap before GC invocations=4 (full 0):
 PSYoungGen      total 29696K, used 29681K [0x00000000d5580000, 0x00000000d7680000, 0x0000000100000000)
  eden space 25600K, 100% used [0x00000000d5580000,0x00000000d6e80000,0x00000000d6e80000)
  from space 4096K, 99% used [0x00000000d6e80000,0x00000000d727c658,0x00000000d7280000)
  to   space 4096K, 0% used [0x00000000d7280000,0x00000000d7280000,0x00000000d7680000)
 ParOldGen       total 68608K, used 5139K [0x0000000080000000, 0x0000000084300000, 0x00000000d5580000)
  object space 68608K, 7% used [0x0000000080000000,0x0000000080504d38,0x0000000084300000)
 Metaspace       used 11662K, committed 12032K, reserved 1114112K
  class space    used 1239K, committed 1408K, reserved 1048576K
}
Event: 1.632 GC heap after
{Heap after GC invocations=4 (full 0):
 PSYoungGen      total 29696K, used 4072K [0x00000000d5580000, 0x00000000d7680000, 0x0000000100000000)
  eden space 25600K, 0% used [0x00000000d5580000,0x00000000d5580000,0x00000000d6e80000)
  from space 4096K, 99% used [0x00000000d7280000,0x00000000d767a368,0x00000000d7680000)
  to   space 4096K, 0% used [0x00000000d6e80000,0x00000000d6e80000,0x00000000d7280000)
 ParOldGen       total 68608K, used 6777K [0x0000000080000000, 0x0000000084300000, 0x00000000d5580000)
  object space 68608K, 9% used [0x0000000080000000,0x000000008069e5c8,0x0000000084300000)
 Metaspace       used 11662K, committed 12032K, reserved 1114112K
  class space    used 1239K, committed 1408K, reserved 1048576K
}
Event: 1.938 GC heap before
{Heap before GC invocations=5 (full 0):
 PSYoungGen      total 29696K, used 29672K [0x00000000d5580000, 0x00000000d7680000, 0x0000000100000000)
  eden space 25600K, 100% used [0x00000000d5580000,0x00000000d6e80000,0x00000000d6e80000)
  from space 4096K, 99% used [0x00000000d7280000,0x00000000d767a368,0x00000000d7680000)
  to   space 4096K, 0% used [0x00000000d6e80000,0x00000000d6e80000,0x00000000d7280000)
 ParOldGen       total 68608K, used 6777K [0x0000000080000000, 0x0000000084300000, 0x00000000d5580000)
  object space 68608K, 9% used [0x0000000080000000,0x000000008069e5c8,0x0000000084300000)
 Metaspace       used 15595K, committed 16192K, reserved 1114112K
  class space    used 1622K, committed 1856K, reserved 1048576K
}
Event: 1.941 GC heap after
{Heap after GC invocations=5 (full 0):
 PSYoungGen      total 29184K, used 4092K [0x00000000d5580000, 0x00000000d7900000, 0x0000000100000000)
  eden space 25088K, 0% used [0x00000000d5580000,0x00000000d5580000,0x00000000d6e00000)
  from space 4096K, 99% used [0x00000000d6e80000,0x00000000d727f298,0x00000000d7280000)
  to   space 5632K, 0% used [0x00000000d7380000,0x00000000d7380000,0x00000000d7900000)
 ParOldGen       total 68608K, used 7837K [0x0000000080000000, 0x0000000084300000, 0x00000000d5580000)
  object space 68608K, 11% used [0x0000000080000000,0x00000000807a75e8,0x0000000084300000)
 Metaspace       used 15595K, committed 16192K, reserved 1114112K
  class space    used 1622K, committed 1856K, reserved 1048576K
}
Event: 2.334 GC heap before
{Heap before GC invocations=6 (full 0):
 PSYoungGen      total 29184K, used 29180K [0x00000000d5580000, 0x00000000d7900000, 0x0000000100000000)
  eden space 25088K, 100% used [0x00000000d5580000,0x00000000d6e00000,0x00000000d6e00000)
  from space 4096K, 99% used [0x00000000d6e80000,0x00000000d727f298,0x00000000d7280000)
  to   space 5632K, 0% used [0x00000000d7380000,0x00000000d7380000,0x00000000d7900000)
 ParOldGen       total 68608K, used 7837K [0x0000000080000000, 0x0000000084300000, 0x00000000d5580000)
  object space 68608K, 11% used [0x0000000080000000,0x00000000807a75e8,0x0000000084300000)
 Metaspace       used 18636K, committed 19456K, reserved 1114112K
  class space    used 1962K, committed 2304K, reserved 1048576K
}
Event: 2.337 GC heap after
{Heap after GC invocations=6 (full 0):
 PSYoungGen      total 30208K, used 5244K [0x00000000d5580000, 0x00000000d7900000, 0x0000000100000000)
  eden space 24576K, 0% used [0x00000000d5580000,0x00000000d5580000,0x00000000d6d80000)
  from space 5632K, 93% used [0x00000000d7380000,0x00000000d789f278,0x00000000d7900000)
  to   space 5632K, 0% used [0x00000000d6e00000,0x00000000d6e00000,0x00000000d7380000)
 ParOldGen       total 68608K, used 7845K [0x0000000080000000, 0x0000000084300000, 0x00000000d5580000)
  object space 68608K, 11% used [0x0000000080000000,0x00000000807a95e8,0x0000000084300000)
 Metaspace       used 18636K, committed 19456K, reserved 1114112K
  class space    used 1962K, committed 2304K, reserved 1048576K
}
Event: 3.574 GC heap before
{Heap before GC invocations=7 (full 0):
 PSYoungGen      total 30208K, used 24446K [0x00000000d5580000, 0x00000000d7900000, 0x0000000100000000)
  eden space 24576K, 78% used [0x00000000d5580000,0x00000000d6840728,0x00000000d6d80000)
  from space 5632K, 93% used [0x00000000d7380000,0x00000000d789f278,0x00000000d7900000)
  to   space 5632K, 0% used [0x00000000d6e00000,0x00000000d6e00000,0x00000000d7380000)
 ParOldGen       total 68608K, used 7845K [0x0000000080000000, 0x0000000084300000, 0x00000000d5580000)
  object space 68608K, 11% used [0x0000000080000000,0x00000000807a95e8,0x0000000084300000)
 Metaspace       used 20560K, committed 21504K, reserved 1114112K
  class space    used 2197K, committed 2624K, reserved 1048576K
}
Event: 3.579 GC heap after
{Heap after GC invocations=7 (full 0):
 PSYoungGen      total 29184K, used 4584K [0x00000000d5580000, 0x00000000d7780000, 0x0000000100000000)
  eden space 24576K, 0% used [0x00000000d5580000,0x00000000d5580000,0x00000000d6d80000)
  from space 4608K, 99% used [0x00000000d6e00000,0x00000000d727a208,0x00000000d7280000)
  to   space 5120K, 0% used [0x00000000d7280000,0x00000000d7280000,0x00000000d7780000)
 ParOldGen       total 68608K, used 9361K [0x0000000080000000, 0x0000000084300000, 0x00000000d5580000)
  object space 68608K, 13% used [0x0000000080000000,0x00000000809245b8,0x0000000084300000)
 Metaspace       used 20560K, committed 21504K, reserved 1114112K
  class space    used 2197K, committed 2624K, reserved 1048576K
}
Event: 3.579 GC heap before
{Heap before GC invocations=8 (full 1):
 PSYoungGen      total 29184K, used 4584K [0x00000000d5580000, 0x00000000d7780000, 0x0000000100000000)
  eden space 24576K, 0% used [0x00000000d5580000,0x00000000d5580000,0x00000000d6d80000)
  from space 4608K, 99% used [0x00000000d6e00000,0x00000000d727a208,0x00000000d7280000)
  to   space 5120K, 0% used [0x00000000d7280000,0x00000000d7280000,0x00000000d7780000)
 ParOldGen       total 68608K, used 9361K [0x0000000080000000, 0x0000000084300000, 0x00000000d5580000)
  object space 68608K, 13% used [0x0000000080000000,0x00000000809245b8,0x0000000084300000)
 Metaspace       used 20560K, committed 21504K, reserved 1114112K
  class space    used 2197K, committed 2624K, reserved 1048576K
}
Event: 3.605 GC heap after
{Heap after GC invocations=8 (full 1):
 PSYoungGen      total 29184K, used 0K [0x00000000d5580000, 0x00000000d7780000, 0x0000000100000000)
  eden space 24576K, 0% used [0x00000000d5580000,0x00000000d5580000,0x00000000d6d80000)
  from space 4608K, 0% used [0x00000000d6e00000,0x00000000d6e00000,0x00000000d7280000)
  to   space 5120K, 0% used [0x00000000d7280000,0x00000000d7280000,0x00000000d7780000)
 ParOldGen       total 68608K, used 13318K [0x0000000080000000, 0x0000000084300000, 0x00000000d5580000)
  object space 68608K, 19% used [0x0000000080000000,0x0000000080d01b70,0x0000000084300000)
 Metaspace       used 20547K, committed 21504K, reserved 1114112K
  class space    used 2194K, committed 2624K, reserved 1048576K
}

Dll operation events (10 events):
Event: 0.008 Loaded shared library c:\Users\Josinwua\.vscode\extensions\redhat.java-1.53.0-win32-x64\jre\21.0.10-win32-x86_64\bin\java.dll
Event: 0.056 Loaded shared library c:\Users\Josinwua\.vscode\extensions\redhat.java-1.53.0-win32-x64\jre\21.0.10-win32-x86_64\bin\zip.dll
Event: 0.075 Loaded shared library C:\Users\Josinwua\.vscode\extensions\redhat.java-1.53.0-win32-x64\jre\21.0.10-win32-x86_64\bin\instrument.dll
Event: 0.080 Loaded shared library C:\Users\Josinwua\.vscode\extensions\redhat.java-1.53.0-win32-x64\jre\21.0.10-win32-x86_64\bin\net.dll
Event: 0.083 Loaded shared library C:\Users\Josinwua\.vscode\extensions\redhat.java-1.53.0-win32-x64\jre\21.0.10-win32-x86_64\bin\nio.dll
Event: 0.086 Loaded shared library C:\Users\Josinwua\.vscode\extensions\redhat.java-1.53.0-win32-x64\jre\21.0.10-win32-x86_64\bin\zip.dll
Event: 0.098 Loaded shared library C:\Users\Josinwua\.vscode\extensions\redhat.java-1.53.0-win32-x64\jre\21.0.10-win32-x86_64\bin\jimage.dll
Event: 0.159 Loaded shared library c:\Users\Josinwua\.vscode\extensions\redhat.java-1.53.0-win32-x64\jre\21.0.10-win32-x86_64\bin\verify.dll
Event: 0.977 Loaded shared library C:\Users\Josinwua\AppData\Roaming\Code\User\globalStorage\redhat.java\1.53.0\config_win\org.eclipse.equinox.launcher\org.eclipse.equinox.launcher.win32.win32.x86_64_1.3.0.v20260203-2149\eclipse_11919.dll
Event: 2.081 Loaded shared library C:\Users\Josinwua\AppData\Local\Temp\jna--1054643440\jna16626625063227276579.dll

Deoptimization events (20 events):
Event: 2.439 Thread 0x00000176fcafe9e0 DEOPT PACKING pc=0x00000176ee2d4ce4 sp=0x00000041bb6f3230
Event: 2.440 Thread 0x00000176fcafe9e0 DEOPT UNPACKING pc=0x00000176edd33aa2 sp=0x00000041bb6f31c0 mode 2
Event: 2.440 Thread 0x00000176fcafe9e0 Uncommon trap: trap_request=0xffffff45 fr.pc=0x00000176ee3c4268 relative=0x0000000000000048
Event: 2.440 Thread 0x00000176fcafe9e0 Uncommon trap: reason=unstable_if action=reinterpret pc=0x00000176ee3c4268 method=java.lang.StringLatin1.canEncode(C)Z @ 4 c2
Event: 2.440 Thread 0x00000176fcafe9e0 DEOPT PACKING pc=0x00000176ee3c4268 sp=0x00000041bb6f31c0
Event: 2.440 Thread 0x00000176fcafe9e0 DEOPT UNPACKING pc=0x00000176edd33aa2 sp=0x00000041bb6f3148 mode 2
Event: 3.530 Thread 0x00000176fcafe9e0 Uncommon trap: trap_request=0xffffff45 fr.pc=0x00000176ee408794 relative=0x0000000000000074
Event: 3.530 Thread 0x00000176fcafe9e0 Uncommon trap: reason=unstable_if action=reinterpret pc=0x00000176ee408794 method=java.lang.invoke.LambdaForm$BasicType.basicType(C)Ljava/lang/invoke/LambdaForm$BasicType; @ 1 c2
Event: 3.530 Thread 0x00000176fcafe9e0 DEOPT PACKING pc=0x00000176ee408794 sp=0x00000041bb6f2770
Event: 3.530 Thread 0x00000176fcafe9e0 DEOPT UNPACKING pc=0x00000176edd33aa2 sp=0x00000041bb6f2708 mode 2
Event: 3.530 Thread 0x00000176fcafe9e0 Uncommon trap: trap_request=0xffffff45 fr.pc=0x00000176ee3d4c40 relative=0x0000000000000b00
Event: 3.530 Thread 0x00000176fcafe9e0 Uncommon trap: reason=unstable_if action=reinterpret pc=0x00000176ee3d4c40 method=jdk.internal.org.objectweb.asm.Frame.execute(IILjdk/internal/org/objectweb/asm/Symbol;Ljdk/internal/org/objectweb/asm/SymbolTable;)V @ 1 c2
Event: 3.530 Thread 0x00000176fcafe9e0 DEOPT PACKING pc=0x00000176ee3d4c40 sp=0x00000041bb6f24e0
Event: 3.530 Thread 0x00000176fcafe9e0 DEOPT UNPACKING pc=0x00000176edd33aa2 sp=0x00000041bb6f2468 mode 2
Event: 3.627 Thread 0x00000176fcafe9e0 Uncommon trap: trap_request=0xffffff45 fr.pc=0x00000176ee3f5f40 relative=0x00000000000001a0
Event: 3.627 Thread 0x00000176fcafe9e0 Uncommon trap: reason=unstable_if action=reinterpret pc=0x00000176ee3f5f40 method=jdk.internal.org.objectweb.asm.Frame.push(I)V @ 26 c2
Event: 3.627 Thread 0x00000176fcafe9e0 DEOPT PACKING pc=0x00000176ee3f5f40 sp=0x00000041bb6f1940
Event: 3.627 Thread 0x00000176fcafe9e0 DEOPT UNPACKING pc=0x00000176edd33aa2 sp=0x00000041bb6f18c8 mode 2
Event: 3.684 Thread 0x00000176fcafe9e0 DEOPT PACKING pc=0x00000176e6ad6f46 sp=0x00000041bb6f7fc0
Event: 3.684 Thread 0x00000176fcafe9e0 DEOPT UNPACKING pc=0x00000176edd34242 sp=0x00000041bb6f7540 mode 0

Classes loaded (20 events):
Event: 3.658 Loading class javax/xml/transform/Result
Event: 3.658 Loading class javax/xml/transform/Result done
Event: 3.658 Loading class javax/xml/transform/Source
Event: 3.658 Loading class javax/xml/transform/Source done
Event: 3.690 Loading class java/net/Authenticator
Event: 3.690 Loading class java/net/Authenticator done
Event: 3.691 Loading class java/net/SocketAddress
Event: 3.691 Loading class java/net/SocketAddress done
Event: 3.691 Loading class java/net/InetSocketAddress
Event: 3.691 Loading class java/net/InetSocketAddress done
Event: 3.691 Loading class java/nio/channels/AsynchronousByteChannel
Event: 3.691 Loading class java/nio/channels/AsynchronousChannel
Event: 3.692 Loading class java/nio/channels/AsynchronousChannel done
Event: 3.692 Loading class java/nio/channels/AsynchronousByteChannel done
Event: 3.723 Loading class java/util/Collections$UnmodifiableSortedSet
Event: 3.723 Loading class java/util/Collections$UnmodifiableSortedSet done
Event: 3.728 Loading class java/util/zip/GZIPOutputStream
Event: 3.729 Loading class java/util/zip/GZIPOutputStream done
Event: 3.735 Loading class java/io/StringReader
Event: 3.735 Loading class java/io/StringReader done

Classes unloaded (7 events):
Event: 3.583 Thread 0x00000176e35423b0 Unloading class 0x00000176811ad400 'java/lang/invoke/LambdaForm$MH+0x00000176811ad400'
Event: 3.583 Thread 0x00000176e35423b0 Unloading class 0x00000176811ad000 'java/lang/invoke/LambdaForm$MH+0x00000176811ad000'
Event: 3.583 Thread 0x00000176e35423b0 Unloading class 0x00000176811acc00 'java/lang/invoke/LambdaForm$MH+0x00000176811acc00'
Event: 3.583 Thread 0x00000176e35423b0 Unloading class 0x00000176811ac800 'java/lang/invoke/LambdaForm$MH+0x00000176811ac800'
Event: 3.583 Thread 0x00000176e35423b0 Unloading class 0x00000176811ac400 'java/lang/invoke/LambdaForm$BMH+0x00000176811ac400'
Event: 3.583 Thread 0x00000176e35423b0 Unloading class 0x00000176811ac000 'java/lang/invoke/LambdaForm$DMH+0x00000176811ac000'
Event: 3.583 Thread 0x00000176e35423b0 Unloading class 0x00000176811aac00 'java/lang/invoke/LambdaForm$DMH+0x00000176811aac00'

Classes redefined (0 events):
No events

Internal exceptions (20 events):
Event: 3.534 Thread 0x00000176fcafe9e0 Exception <a 'java/lang/NoSuchMethodError'{0x00000000d65e84e8}: 'java.lang.Object java.lang.invoke.DirectMethodHandle$Holder.invokeStatic(java.lang.Object, java.lang.Object, java.lang.Object, java.lang.Object, int, java.lang.Object)'> (0x00000000d65e84e8) 
thrown [s\src\hotspot\share\interpreter\linkResolver.cpp, line 773]
Event: 3.537 Thread 0x00000176fcafe9e0 Exception <a 'java/lang/NoSuchMethodError'{0x00000000d6602708}: 'java.lang.Object java.lang.invoke.DirectMethodHandle$Holder.invokeStaticInit(java.lang.Object, java.lang.Object, java.lang.Object, java.lang.Object, java.lang.Object, java.lang.Object, java.lang.Object)'> (0x00000000d6602708) 
thrown [s\src\hotspot\share\interpreter\linkResolver.cpp, line 773]
Event: 3.538 Thread 0x00000176fcafe9e0 Exception <a 'java/lang/NoSuchMethodError'{0x00000000d6607f28}: 'java.lang.Object java.lang.invoke.Invokers$Holder.invoke_MT(java.lang.Object, java.lang.Object, java.lang.Object, java.lang.Object, java.lang.Object, java.lang.Object, java.lang.Object, java.lang.Object, java.lang.Object)'> (0x00000000d6607f28) 
thrown [s\src\hotspot\share\interpreter\linkResolver.cpp, line 773]
Event: 3.542 Thread 0x00000176fcafe9e0 Exception <a 'java/lang/NoSuchMethodError'{0x00000000d663d120}: 'int java.lang.invoke.DirectMethodHandle$Holder.invokeVirtual(java.lang.Object, java.lang.Object, java.lang.Object)'> (0x00000000d663d120) 
thrown [s\src\hotspot\share\interpreter\linkResolver.cpp, line 773]
Event: 3.542 Thread 0x00000176fcafe9e0 Exception <a 'java/lang/NoSuchMethodError'{0x00000000d66420d8}: 'int java.lang.invoke.DirectMethodHandle$Holder.invokeStaticInit(java.lang.Object, int, int)'> (0x00000000d66420d8) 
thrown [s\src\hotspot\share\interpreter\linkResolver.cpp, line 773]
Event: 3.542 Thread 0x00000176fcafe9e0 Exception <a 'java/lang/NoSuchMethodError'{0x00000000d664a4e0}: 'int java.lang.invoke.DirectMethodHandle$Holder.invokeStaticInit(java.lang.Object, long, long)'> (0x00000000d664a4e0) 
thrown [s\src\hotspot\share\interpreter\linkResolver.cpp, line 773]
Event: 3.543 Thread 0x00000176fcafe9e0 Exception <a 'java/lang/NoSuchMethodError'{0x00000000d6651ef8}: 'int java.lang.invoke.DirectMethodHandle$Holder.invokeStaticInit(java.lang.Object, float, float)'> (0x00000000d6651ef8) 
thrown [s\src\hotspot\share\interpreter\linkResolver.cpp, line 773]
Event: 3.543 Thread 0x00000176fcafe9e0 Exception <a 'java/lang/NoSuchMethodError'{0x00000000d6659908}: 'int java.lang.invoke.DirectMethodHandle$Holder.invokeStaticInit(java.lang.Object, double, double)'> (0x00000000d6659908) 
thrown [s\src\hotspot\share\interpreter\linkResolver.cpp, line 773]
Event: 3.543 Thread 0x00000176fcafe9e0 Exception <a 'java/lang/NoSuchMethodError'{0x00000000d665eda0}: 'int java.lang.invoke.DirectMethodHandle$Holder.invokeStatic(java.lang.Object, long)'> (0x00000000d665eda0) 
thrown [s\src\hotspot\share\interpreter\linkResolver.cpp, line 773]
Event: 3.545 Thread 0x00000176fcafe9e0 Exception <a 'java/lang/NoSuchMethodError'{0x00000000d667dcf8}: 'int java.lang.invoke.Invokers$Holder.linkToTargetMethod(java.lang.Object, java.lang.Object)'> (0x00000000d667dcf8) 
thrown [s\src\hotspot\share\interpreter\linkResolver.cpp, line 773]
Event: 3.569 Thread 0x00000176fcafe9e0 Exception <a 'java/lang/NoSuchMethodError'{0x00000000d6772370}: 'java.lang.Object java.lang.invoke.Invokers$Holder.invoke_MT(java.lang.Object, java.lang.Object, java.lang.Object, java.lang.Object, java.lang.Object, java.lang.Object, java.lang.Object, java.lang.Object, java.lang.Object, java.lang.Object, java.lang.Object)'> (0x00000000d6772370) 
thrown [s\src\hotspot\share\interpreter\linkResolver.cpp, line 773]
Event: 3.609 Thread 0x00000176fcafe9e0 Exception <a 'java/lang/NoSuchMethodError'{0x00000000d55a7c88}: 'java.lang.Object java.lang.invoke.Invokers$Holder.invoke_MT(java.lang.Object, java.lang.Object, java.lang.Object, java.lang.Object, java.lang.Object, java.lang.Object, java.lang.Object, java.lang.Object, java.lang.Object, java.lang.Object)'> (0x00000000d55a7c88) 
thrown [s\src\hotspot\share\interpreter\linkResolver.cpp, line 773]
Event: 3.620 Thread 0x00000176fcafe9e0 Exception <a 'java/lang/NoSuchMethodError'{0x00000000d56608c8}: 'java.lang.Object java.lang.invoke.DirectMethodHandle$Holder.newInvokeSpecial(java.lang.Object, java.lang.Object, java.lang.Object, java.lang.Object, java.lang.Object, java.lang.Object, java.lang.Object)'> (0x00000000d56608c8) 
thrown [s\src\hotspot\share\interpreter\linkResolver.cpp, line 773]
Event: 3.627 Thread 0x00000176fcafe9e0 Exception <a 'java/lang/NoSuchMethodError'{0x00000000d56d7ab0}: 'java.lang.Object java.lang.invoke.Invokers$Holder.invoker(java.lang.Object, java.lang.Object, java.lang.Object, java.lang.Object, java.lang.Object, java.lang.Object, java.lang.Object, java.lang.Object, java.lang.Object, java.lang.Object, java.lang.Object, java.lang.Object, java.lang.Object)'> (0x00000000d56d7ab0) 
thrown [s\src\hotspot\share\interpreter\linkResolver.cpp, line 773]
Event: 3.628 Thread 0x00000176fcafe9e0 Exception <a 'java/lang/NoSuchMethodError'{0x00000000d56e2100}: 'java.lang.Object java.lang.invoke.DelegatingMethodHandle$Holder.delegate(java.lang.Object, java.lang.Object, java.lang.Object, java.lang.Object, java.lang.Object, java.lang.Object, java.lang.Object, java.lang.Object, java.lang.Object, java.lang.Object, java.lang.Object, java.lang.Object, java.lang.Object)'> (0x00000000d56e2100) 
thrown [s\src\hotspot\share\interpreter\linkResolver.cpp, line 773]
Event: 3.634 Thread 0x00000176fcafe9e0 Exception <a 'java/lang/NoSuchMethodError'{0x00000000d574dbd8}: static Lorg/eclipse/m2e/core/internal/lifecyclemapping/model/PluginExecutionMetadata;.<clinit>()V> (0x00000000d574dbd8) 
thrown [s\src\hotspot\share\prims\jni.cpp, line 1111]
Event: 3.641 Thread 0x00000176fcafe9e0 Exception <a 'java/lang/NoSuchMethodError'{0x00000000d57ad6e0}: static Lorg/eclipse/m2e/core/internal/lifecyclemapping/model/PluginExecutionFilter;.<clinit>()V> (0x00000000d57ad6e0) 
thrown [s\src\hotspot\share\prims\jni.cpp, line 1111]
Event: 3.645 Thread 0x00000176fcafe9e0 Exception <a 'java/lang/NoSuchMethodError'{0x00000000d57e1dc0}: static Lorg/eclipse/m2e/core/internal/project/registry/MavenProjectFacade$MavenProjectConfiguration;.<clinit>()V> (0x00000000d57e1dc0) 
thrown [s\src\hotspot\share\prims\jni.cpp, line 1111]
Event: 3.721 Thread 0x00000176fcafe9e0 Exception <a 'java/lang/NoSuchMethodError'{0x00000000d5d66448}: 'double java.lang.invoke.DirectMethodHandle$Holder.invokeStatic(java.lang.Object, java.lang.Object)'> (0x00000000d5d66448) 
thrown [s\src\hotspot\share\interpreter\linkResolver.cpp, line 773]
Event: 3.721 Thread 0x00000176fcafe9e0 Exception <a 'java/lang/NoSuchMethodError'{0x00000000d5d69ad8}: 'double java.lang.invoke.DirectMethodHandle$Holder.invokeStaticInit(java.lang.Object, java.lang.Object)'> (0x00000000d5d69ad8) 
thrown [s\src\hotspot\share\interpreter\linkResolver.cpp, line 773]

ZGC Phase Switch (0 events):
No events

VM Operations (20 events):
Event: 2.086 Executing non-safepoint VM operation: HandshakeAllThreads (Deoptimize)
Event: 2.086 Executing non-safepoint VM operation: HandshakeAllThreads (Deoptimize) done
Event: 2.203 Executing non-safepoint VM operation: HandshakeAllThreads (Deoptimize)
Event: 2.203 Executing non-safepoint VM operation: HandshakeAllThreads (Deoptimize) done
Event: 2.224 Executing non-safepoint VM operation: HandshakeAllThreads (Deoptimize)
Event: 2.224 Executing non-safepoint VM operation: HandshakeAllThreads (Deoptimize) done
Event: 2.229 Executing non-safepoint VM operation: HandshakeAllThreads (Deoptimize)
Event: 2.229 Executing non-safepoint VM operation: HandshakeAllThreads (Deoptimize) done
Event: 2.258 Executing safepoint VM operation: ICBufferFull
Event: 2.258 Executing safepoint VM operation: ICBufferFull done
Event: 2.334 Executing safepoint VM operation: ParallelGCFailedAllocation (Allocation Failure)
Event: 2.337 Executing safepoint VM operation: ParallelGCFailedAllocation (Allocation Failure) done
Event: 3.346 Executing safepoint VM operation: Cleanup
Event: 3.527 Executing safepoint VM operation: Cleanup done
Event: 3.529 Executing non-safepoint VM operation: HandshakeAllThreads (Deoptimize)
Event: 3.529 Executing non-safepoint VM operation: HandshakeAllThreads (Deoptimize) done
Event: 3.574 Executing safepoint VM operation: CollectForMetadataAllocation (Metadata GC Threshold)
Event: 3.605 Executing safepoint VM operation: CollectForMetadataAllocation (Metadata GC Threshold) done
Event: 4.617 Executing safepoint VM operation: Cleanup
Event: 4.770 Executing safepoint VM operation: Cleanup done

Memory protections (0 events):
No events

Nmethod flushes (0 events):
No events

Events (20 events):
Event: 0.077 Thread 0x00000176e35b3550 Thread added: 0x00000176fb521cc0
Event: 0.228 Thread 0x00000176e35b3550 Thread added: 0x00000176fb604190
Event: 0.290 Thread 0x00000176e3668a90 Thread added: 0x00000176fb60f570
Event: 0.835 Thread 0x00000176e35b3550 Thread added: 0x00000176fcc2b3d0
Event: 0.971 Thread 0x00000176e35b3550 Thread added: 0x00000176fcb9d860
Event: 0.992 Thread 0x00000176fcb9d860 Thread added: 0x00000176fcafd0b0
Event: 0.994 Thread 0x00000176e35b3550 Thread added: 0x00000176fcafe9e0
Event: 1.289 Thread 0x00000176fcafe9e0 Thread added: 0x00000176fced5db0
Event: 1.372 Thread 0x00000176fb60f570 Thread exited: 0x00000176fb60f570
Event: 1.607 Thread 0x00000176fcafe9e0 Thread added: 0x00000176fcf5ceb0
Event: 1.657 Thread 0x00000176e3668a90 Thread added: 0x00000176fce677f0
Event: 1.790 Thread 0x00000176fcafe9e0 Thread added: 0x00000176fd399980
Event: 2.100 Thread 0x00000176fcafe9e0 Thread added: 0x00000176fd3985d0
Event: 2.108 Thread 0x00000176fce677f0 Thread exited: 0x00000176fce677f0
Event: 2.126 Thread 0x00000176fcafe9e0 Thread added: 0x00000176fd398c60
Event: 2.144 Thread 0x00000176fcafe9e0 Thread added: 0x00000176fd39b3c0
Event: 3.527 Thread 0x00000176fb4698f0 Thread exited: 0x00000176fb4698f0
Event: 3.567 Thread 0x00000176e3668a90 Thread added: 0x00000176fb4698f0
Event: 3.740 Thread 0x00000176e3668a90 Thread added: 0x00000176fd90e080
Event: 5.767 Thread 0x00000176fd398c60 Thread added: 0x00000176fd39a010


Dynamic libraries:
0x00007ff7e0de0000 - 0x00007ff7e0dee000 	c:\Users\Josinwua\.vscode\extensions\redhat.java-1.53.0-win32-x64\jre\21.0.10-win32-x86_64\bin\java.exe
0x00007ffd27c40000 - 0x00007ffd27ea7000 	C:\WINDOWS\SYSTEM32\ntdll.dll
0x00007ffd27af0000 - 0x00007ffd27bb9000 	C:\WINDOWS\System32\KERNEL32.DLL
0x00007ffd25470000 - 0x00007ffd25861000 	C:\WINDOWS\System32\KERNELBASE.dll
0x00007ffd25070000 - 0x00007ffd251bb000 	C:\WINDOWS\System32\ucrtbase.dll
0x00007ffcfbc80000 - 0x00007ffcfbc98000 	c:\Users\Josinwua\.vscode\extensions\redhat.java-1.53.0-win32-x64\jre\21.0.10-win32-x86_64\bin\jli.dll
0x00007ffcfbc60000 - 0x00007ffcfbc7e000 	c:\Users\Josinwua\.vscode\extensions\redhat.java-1.53.0-win32-x64\jre\21.0.10-win32-x86_64\bin\VCRUNTIME140.dll
0x00007ffd267d0000 - 0x00007ffd26995000 	C:\WINDOWS\System32\USER32.dll
0x00007ffd07500000 - 0x00007ffd07793000 	C:\WINDOWS\WinSxS\amd64_microsoft.windows.common-controls_6595b64144ccf1df_6.0.26100.8037_none_3e092faae333b53b\COMCTL32.dll
0x00007ffd25920000 - 0x00007ffd25947000 	C:\WINDOWS\System32\win32u.dll
0x00007ffd26720000 - 0x00007ffd267c9000 	C:\WINDOWS\System32\msvcrt.dll
0x00007ffd26f40000 - 0x00007ffd26f6b000 	C:\WINDOWS\System32\GDI32.dll
0x00007ffd251c0000 - 0x00007ffd252eb000 	C:\WINDOWS\System32\gdi32full.dll
0x00007ffd25870000 - 0x00007ffd25913000 	C:\WINDOWS\System32\msvcp_win.dll
0x00007ffd27bc0000 - 0x00007ffd27bf1000 	C:\WINDOWS\System32\IMM32.DLL
0x00007ffd0ef30000 - 0x00007ffd0ef3c000 	c:\Users\Josinwua\.vscode\extensions\redhat.java-1.53.0-win32-x64\jre\21.0.10-win32-x86_64\bin\vcruntime140_1.dll
0x00007ffcfa3b0000 - 0x00007ffcfa43d000 	c:\Users\Josinwua\.vscode\extensions\redhat.java-1.53.0-win32-x64\jre\21.0.10-win32-x86_64\bin\msvcp140.dll
0x00007ffc7d6a0000 - 0x00007ffc7e441000 	c:\Users\Josinwua\.vscode\extensions\redhat.java-1.53.0-win32-x64\jre\21.0.10-win32-x86_64\bin\server\jvm.dll
0x00007ffd26630000 - 0x00007ffd266eb000 	C:\WINDOWS\System32\ADVAPI32.dll
0x00007ffd27720000 - 0x00007ffd277c7000 	C:\WINDOWS\System32\sechost.dll
0x00007ffd26a00000 - 0x00007ffd26b18000 	C:\WINDOWS\System32\RPCRT4.dll
0x00007ffd259e0000 - 0x00007ffd25a54000 	C:\WINDOWS\System32\WS2_32.dll
0x00007ffd243a0000 - 0x00007ffd243fe000 	C:\WINDOWS\SYSTEM32\POWRPROF.dll
0x00007ffd1d320000 - 0x00007ffd1d355000 	C:\WINDOWS\SYSTEM32\WINMM.dll
0x00007ffd1d360000 - 0x00007ffd1d36b000 	C:\WINDOWS\SYSTEM32\VERSION.dll
0x00007ffd24380000 - 0x00007ffd24394000 	C:\WINDOWS\SYSTEM32\UMPDC.dll
0x00007ffd23280000 - 0x00007ffd2329b000 	C:\WINDOWS\SYSTEM32\kernel.appcore.dll
0x00007ffd0d360000 - 0x00007ffd0d36a000 	c:\Users\Josinwua\.vscode\extensions\redhat.java-1.53.0-win32-x64\jre\21.0.10-win32-x86_64\bin\jimage.dll
0x00007ffd22210000 - 0x00007ffd22452000 	C:\WINDOWS\SYSTEM32\DBGHELP.DLL
0x00007ffd25a60000 - 0x00007ffd25de2000 	C:\WINDOWS\System32\combase.dll
0x00007ffd26cb0000 - 0x00007ffd26d87000 	C:\WINDOWS\System32\OLEAUT32.dll
0x00007ffd03670000 - 0x00007ffd036ab000 	C:\WINDOWS\SYSTEM32\dbgcore.DLL
0x00007ffd24d90000 - 0x00007ffd24e35000 	C:\WINDOWS\System32\bcryptPrimitives.dll
0x00007ffd08450000 - 0x00007ffd0845f000 	c:\Users\Josinwua\.vscode\extensions\redhat.java-1.53.0-win32-x64\jre\21.0.10-win32-x86_64\bin\instrument.dll
0x00007ffcfd360000 - 0x00007ffcfd380000 	c:\Users\Josinwua\.vscode\extensions\redhat.java-1.53.0-win32-x64\jre\21.0.10-win32-x86_64\bin\java.dll
0x00007ffd25ec0000 - 0x00007ffd2661f000 	C:\WINDOWS\System32\SHELL32.dll
0x00007ffd24e40000 - 0x00007ffd24faa000 	C:\WINDOWS\System32\wintypes.dll
0x00007ffd24520000 - 0x00007ffd24d84000 	C:\WINDOWS\System32\windows.storage.dll
0x00007ffd26f70000 - 0x00007ffd27067000 	C:\WINDOWS\System32\SHCORE.dll
0x00007ffd277e0000 - 0x00007ffd27847000 	C:\WINDOWS\System32\shlwapi.dll
0x00007ffd24440000 - 0x00007ffd24469000 	C:\WINDOWS\SYSTEM32\profapi.dll
0x00007ffcfc0c0000 - 0x00007ffcfc0d8000 	c:\Users\Josinwua\.vscode\extensions\redhat.java-1.53.0-win32-x64\jre\21.0.10-win32-x86_64\bin\zip.dll
0x00007ffcfc0b0000 - 0x00007ffcfc0c0000 	C:\Users\Josinwua\.vscode\extensions\redhat.java-1.53.0-win32-x64\jre\21.0.10-win32-x86_64\bin\net.dll
0x00007ffd1d740000 - 0x00007ffd1d867000 	C:\WINDOWS\SYSTEM32\WINHTTP.dll
0x00007ffd23800000 - 0x00007ffd2386b000 	C:\WINDOWS\system32\mswsock.dll
0x00007ffcfb330000 - 0x00007ffcfb346000 	C:\Users\Josinwua\.vscode\extensions\redhat.java-1.53.0-win32-x64\jre\21.0.10-win32-x86_64\bin\nio.dll
0x00007ffcfbc50000 - 0x00007ffcfbc60000 	c:\Users\Josinwua\.vscode\extensions\redhat.java-1.53.0-win32-x64\jre\21.0.10-win32-x86_64\bin\verify.dll
0x00007ffcfa210000 - 0x00007ffcfa255000 	C:\Users\Josinwua\AppData\Roaming\Code\User\globalStorage\redhat.java\1.53.0\config_win\org.eclipse.equinox.launcher\org.eclipse.equinox.launcher.win32.win32.x86_64_1.3.0.v20260203-2149\eclipse_11919.dll
0x00007ffd26da0000 - 0x00007ffd26f35000 	C:\WINDOWS\System32\ole32.dll
0x00007ffd23b00000 - 0x00007ffd23b1b000 	C:\WINDOWS\SYSTEM32\CRYPTSP.dll
0x00007ffd231e0000 - 0x00007ffd23219000 	C:\WINDOWS\system32\rsaenh.dll
0x00007ffd238d0000 - 0x00007ffd23902000 	C:\WINDOWS\SYSTEM32\USERENV.dll
0x00007ffd24410000 - 0x00007ffd2443a000 	C:\WINDOWS\SYSTEM32\bcrypt.dll
0x00007ffd23b20000 - 0x00007ffd23b2c000 	C:\WINDOWS\SYSTEM32\CRYPTBASE.dll
0x00007ffd22c60000 - 0x00007ffd22c93000 	C:\WINDOWS\SYSTEM32\IPHLPAPI.DLL
0x00007ffd27ac0000 - 0x00007ffd27aca000 	C:\WINDOWS\System32\NSI.dll
0x00007ffce2af0000 - 0x00007ffce2b39000 	C:\Users\Josinwua\AppData\Local\Temp\jna--1054643440\jna16626625063227276579.dll
0x00007ffd277d0000 - 0x00007ffd277d8000 	C:\WINDOWS\System32\PSAPI.DLL

JVMTI agents:
c:\Users\Josinwua\.vscode\extensions\redhat.java-1.53.0-win32-x64\lombok\lombok-1.18.39-4050.jar path:c:\Users\Josinwua\.vscode\extensions\redhat.java-1.53.0-win32-x64\jre\21.0.10-win32-x86_64\bin\instrument.dll, loaded, initialized, instrumentlib options:none

dbghelp: loaded successfully - version: 4.0.5 - missing functions: none
symbol engine: initialized successfully - sym options: 0x614 - pdb path: .;c:\Users\Josinwua\.vscode\extensions\redhat.java-1.53.0-win32-x64\jre\21.0.10-win32-x86_64\bin;C:\WINDOWS\SYSTEM32;C:\WINDOWS\WinSxS\amd64_microsoft.windows.common-controls_6595b64144ccf1df_6.0.26100.8037_none_3e092faae333b53b;c:\Users\Josinwua\.vscode\extensions\redhat.java-1.53.0-win32-x64\jre\21.0.10-win32-x86_64\bin\server;C:\Users\Josinwua\AppData\Roaming\Code\User\globalStorage\redhat.java\1.53.0\config_win\org.eclipse.equinox.launcher\org.eclipse.equinox.launcher.win32.win32.x86_64_1.3.0.v20260203-2149;C:\Users\Josinwua\AppData\Local\Temp\jna--1054643440

VM Arguments:
jvm_args: --add-modules=ALL-SYSTEM --add-opens=java.base/java.util=ALL-UNNAMED --add-opens=java.base/java.lang=ALL-UNNAMED --add-opens=java.base/sun.nio.fs=ALL-UNNAMED -Declipse.application=org.eclipse.jdt.ls.core.id1 -Dosgi.bundles.defaultStartLevel=4 -Declipse.product=org.eclipse.jdt.ls.core.product -Djava.import.generatesMetadataFilesAtProjectRoot=false -DDetectVMInstallationsJob.disabled=true -Dfile.encoding=utf8 -XX:+UseParallelGC -XX:GCTimeRatio=4 -XX:AdaptiveSizePolicyWeight=90 -Dsun.zip.disableMemoryMapping=true -Xmx2G -Xms100m -Xlog:disable -javaagent:c:\Users\Josinwua\.vscode\extensions\redhat.java-1.53.0-win32-x64\lombok\lombok-1.18.39-4050.jar -XX:+HeapDumpOnOutOfMemoryError -XX:HeapDumpPath=c:\Users\Josinwua\AppData\Roaming\Code\User\workspaceStorage\849b789db0276f13d7a10f8a4d0e7d09\redhat.java -Daether.dependencyCollector.impl=bf 
java_command: c:\Users\Josinwua\.vscode\extensions\redhat.java-1.53.0-win32-x64\server\plugins\org.eclipse.equinox.launcher_1.7.100.v20251111-0406.jar -configuration c:\Users\Josinwua\AppData\Roaming\Code\User\globalStorage\redhat.java\1.53.0\config_win -data c:\Users\Josinwua\AppData\Roaming\Code\User\workspaceStorage\849b789db0276f13d7a10f8a4d0e7d09\redhat.java\jdt_ws --pipe=\\.\pipe\lsp-420199b07d08cf65e4d1ef34dadab38c-sock
java_class_path (initial): c:\Users\Josinwua\.vscode\extensions\redhat.java-1.53.0-win32-x64\server\plugins\org.eclipse.equinox.launcher_1.7.100.v20251111-0406.jar
Launcher Type: SUN_STANDARD

[Global flags]
    uintx AdaptiveSizePolicyWeight                 = 90                                        {product} {command line}
     intx CICompilerCount                          = 4                                         {product} {ergonomic}
    uintx GCTimeRatio                              = 4                                         {product} {command line}
     bool HeapDumpOnOutOfMemoryError               = true                                   {manageable} {command line}
    ccstr HeapDumpPath                             = c:\Users\Josinwua\AppData\Roaming\Code\User\workspaceStorage\849b789db0276f13d7a10f8a4d0e7d09\redhat.java         {manageable} {command line}
   size_t InitialHeapSize                          = 104857600                                 {product} {command line}
   size_t MaxHeapSize                              = 2147483648                                {product} {command line}
   size_t MaxNewSize                               = 715653120                                 {product} {ergonomic}
   size_t MinHeapDeltaBytes                        = 524288                                    {product} {ergonomic}
   size_t MinHeapSize                              = 104857600                                 {product} {command line}
   size_t NewSize                                  = 34603008                                  {product} {ergonomic}
    uintx NonNMethodCodeHeapSize                   = 5839372                                {pd product} {ergonomic}
    uintx NonProfiledCodeHeapSize                  = 122909434                              {pd product} {ergonomic}
   size_t OldSize                                  = 70254592                                  {product} {ergonomic}
    uintx ProfiledCodeHeapSize                     = 122909434                              {pd product} {ergonomic}
    uintx ReservedCodeCacheSize                    = 251658240                              {pd product} {ergonomic}
     bool SegmentedCodeCache                       = true                                      {product} {ergonomic}
   size_t SoftMaxHeapSize                          = 2147483648                             {manageable} {ergonomic}
     bool UseCompressedOops                        = true                           {product lp64_product} {ergonomic}
     bool UseLargePagesIndividualAllocation        = false                                  {pd product} {ergonomic}
     bool UseParallelGC                            = true                                      {product} {command line}

Logging:
Log output configuration:
 #0: stdout all=off uptime,level,tags foldmultilines=false
 #1: stderr all=off uptime,level,tags foldmultilines=false

Release file:
JAVA_VERSION="21.0.10" 
MODULES="java.base java.compiler java.datatransfer java.xml java.prefs java.desktop java.instrument java.logging java.management java.security.sasl java.naming java.rmi java.management.rmi java.net.http java.scripting java.security.jgss java.transaction.xa java.sql java.sql.rowset java.xml.crypto java.se java.smartcardio jdk.accessibility jdk.internal.jvmstat jdk.attach jdk.charsets jdk.internal.opt jdk.zipfs jdk.compiler jdk.crypto.ec jdk.crypto.cryptoki jdk.crypto.mscapi jdk.dynalink jdk.internal.ed jdk.editpad jdk.hotspot.agent jdk.httpserver jdk.internal.le jdk.internal.vm.ci jdk.internal.vm.compiler jdk.internal.vm.compiler.management jdk.jartool jdk.javadoc jdk.jcmd jdk.management jdk.management.agent jdk.jconsole jdk.jdeps jdk.jdwp.agent jdk.jdi jdk.jfr jdk.jshell jdk.jsobject jdk.jstatd jdk.localedata jdk.management.jfr jdk.naming.dns jdk.naming.rmi jdk.net jdk.nio.mapmode jdk.random jdk.sctp jdk.security.auth jdk.security.jgss jdk.unsupported jdk.unsupported.desktop jdk.xml.dom" 

Environment Variables:
PATH=C:\Users\Josinwua\AppData\Local\Programs\Microsoft VS Code;C:\Program Files\Common Files\Oracle\Java\javapath;C:\app\Josinwua\product\21c\dbhomeXE\bin;C:\Windows\system32;C:\Windows;C:\Windows\System32\Wbem;C:\Windows\System32\WindowsPowerShell\v1.0\;C:\Windows\System32\OpenSSH\;C:\Program Files (x86)\NVIDIA Corporation\PhysX\Common;C:\WINDOWS\system32;C:\WINDOWS;C:\WINDOWS\System32\Wbem;C:\WINDOWS\System32\WindowsPowerShell\v1.0\;C:\WINDOWS\System32\OpenSSH\;C:\Users\Josinwua\.maven\bin;C:\Program Files\Git\cmd;C:\Program Files\nodejs\;C:\Program Files\Docker\Docker\resources\bin;C:\Program Files\NVIDIA Corporation\NVIDIA App\NvDLISR;C:\Users\Josinwua\.local\bin;C:\Users\Josinwua\AppData\Local\Programs\oh-my-posh\bin\;C:\Users\Josinwua\AppData\Local\Microsoft\WindowsApps;C:\Program Files\JetBrains\PyCharm Community Edition 2024.3.5\bin;;C:\Users\Josinwua\AppData\Local\Programs\Microsoft VS Code\bin;C:\Users\Josinwua\AppData\Roaming\npm
USERNAME=Josinwua
OS=Windows_NT
PROCESSOR_IDENTIFIER=AMD64 Family 25 Model 80 Stepping 0, AuthenticAMD
TMP=C:\Users\Josinwua\AppData\Local\Temp
TEMP=C:\Users\Josinwua\AppData\Local\Temp




Periodic native trim disabled

---------------  S Y S T E M  ---------------

OS:
 Windows 11 , 64 bit Build 26100 (10.0.26100.7920)
OS uptime: 0 days 0:16 hours
Hyper-V role detected

CPU: total 12 (initial active 12) (12 cores per cpu, 2 threads per core) family 25 model 80 stepping 0 microcode 0xa50000c, cx8, cmov, fxsr, ht, mmx, 3dnowpref, sse, sse2, sse3, ssse3, sse4a, sse4.1, sse4.2, popcnt, lzcnt, tsc, tscinvbit, avx, avx2, aes, erms, clmul, bmi1, bmi2, adx, sha, fma, vzeroupper, clflush, clflushopt, hv, rdtscp, rdpid, fsrm, f16c, cet_ss
Processor Information for processor 0
  Max Mhz: 3301, Current Mhz: 3301, Mhz Limit: 3301
Processor Information for processor 1
  Max Mhz: 3301, Current Mhz: 2630, Mhz Limit: 3301
Processor Information for processor 2
  Max Mhz: 3301, Current Mhz: 3301, Mhz Limit: 3301
Processor Information for processor 3
  Max Mhz: 3301, Current Mhz: 3301, Mhz Limit: 3301
Processor Information for processor 4
  Max Mhz: 3301, Current Mhz: 3301, Mhz Limit: 3301
Processor Information for processor 5
  Max Mhz: 3301, Current Mhz: 2630, Mhz Limit: 3301
Processor Information for processor 6
  Max Mhz: 3301, Current Mhz: 2630, Mhz Limit: 3301
Processor Information for processor 7
  Max Mhz: 3301, Current Mhz: 2630, Mhz Limit: 3301
Processor Information for processor 8
  Max Mhz: 3301, Current Mhz: 3301, Mhz Limit: 3301
Processor Information for processor 9
  Max Mhz: 3301, Current Mhz: 3301, Mhz Limit: 3301
Processor Information for processor 10
  Max Mhz: 3301, Current Mhz: 3301, Mhz Limit: 3301
Processor Information for processor 11
  Max Mhz: 3301, Current Mhz: 3301, Mhz Limit: 3301

Memory: 4k page, system-wide physical 14188M (1573M free)
TotalPageFile size 16236M (AvailPageFile size 37M)
current process WorkingSet (physical memory assigned to process): 170M, peak: 171M
current process commit charge ("private bytes"): 307M, peak: 307M

vm_info: OpenJDK 64-Bit Server VM (21.0.10+7-LTS) for windows-amd64 JRE (21.0.10+7-LTS), built on 2026-01-20T00:00:00Z by "admin" with MS VC++ 17.12 (VS2022)

END.
